Component: ARM Compiler 5.06 update 4 (build 422) Tool: armlink [4d35d2]

==============================================================================

Section Cross References

    main.o(i.Accelerometer_GetData) refers to main.o(i.SPI1_GetData) for SPI1_GetData
    main.o(i.SPI1_GetData) refers to stm32f4xx_gpio.o(i.GPIO_ResetBits) for GPIO_ResetBits
    main.o(i.SPI1_GetData) refers to stm32f4xx_spi.o(i.SPI_I2S_GetFlagStatus) for SPI_I2S_GetFlagStatus
    main.o(i.SPI1_GetData) refers to stm32f4xx_spi.o(i.SPI_I2S_SendData) for SPI_I2S_SendData
    main.o(i.SPI1_GetData) refers to stm32f4xx_spi.o(i.SPI_I2S_ReceiveData) for SPI_I2S_ReceiveData
    main.o(i.SPI1_GetData) refers to stm32f4xx_gpio.o(i.GPIO_SetBits) for GPIO_SetBits
    main.o(i.SPI1_Init) refers to stm32f4xx_rcc.o(i.RCC_APB2PeriphClockCmd) for RCC_APB2PeriphClockCmd
    main.o(i.SPI1_Init) refers to stm32f4xx_spi.o(i.SPI_Init) for SPI_Init
    main.o(i.SPI1_Init) refers to stm32f4xx_rcc.o(i.RCC_AHB1PeriphClockCmd) for RCC_AHB1PeriphClockCmd
    main.o(i.SPI1_Init) refers to stm32f4xx_gpio.o(i.GPIO_Init) for GPIO_Init
    main.o(i.SPI1_Init) refers to stm32f4xx_gpio.o(i.GPIO_PinAFConfig) for GPIO_PinAFConfig
    main.o(i.SPI1_Init) refers to stm32f4xx_gpio.o(i.GPIO_SetBits) for GPIO_SetBits
    main.o(i.SPI1_Init) refers to stm32f4xx_spi.o(i.SPI_Cmd) for SPI_Cmd
    main.o(i.SPI1_SendData) refers to stm32f4xx_gpio.o(i.GPIO_ResetBits) for GPIO_ResetBits
    main.o(i.SPI1_SendData) refers to stm32f4xx_spi.o(i.SPI_I2S_GetFlagStatus) for SPI_I2S_GetFlagStatus
    main.o(i.SPI1_SendData) refers to stm32f4xx_spi.o(i.SPI_I2S_SendData) for SPI_I2S_SendData
    main.o(i.SPI1_SendData) refers to stm32f4xx_spi.o(i.SPI_I2S_ReceiveData) for SPI_I2S_ReceiveData
    main.o(i.SPI1_SendData) refers to stm32f4xx_gpio.o(i.GPIO_SetBits) for GPIO_SetBits
    main.o(i.USART2_Init) refers to stm32f4xx_rcc.o(i.RCC_APB1PeriphClockCmd) for RCC_APB1PeriphClockCmd
    main.o(i.USART2_Init) refers to stm32f4xx_rcc.o(i.RCC_AHB1PeriphClockCmd) for RCC_AHB1PeriphClockCmd
    main.o(i.USART2_Init) refers to stm32f4xx_gpio.o(i.GPIO_Init) for GPIO_Init
    main.o(i.USART2_Init) refers to stm32f4xx_gpio.o(i.GPIO_PinAFConfig) for GPIO_PinAFConfig
    main.o(i.USART2_Init) refers to stm32f4xx_usart.o(i.USART_Init) for USART_Init
    main.o(i.USART2_Init) refers to stm32f4xx_usart.o(i.USART_ITConfig) for USART_ITConfig
    main.o(i.USART2_Init) refers to misc.o(i.NVIC_Init) for NVIC_Init
    main.o(i.USART2_Init) refers to stm32f4xx_usart.o(i.USART_Cmd) for USART_Cmd
    main.o(i.USART_puts) refers to stm32f4xx_usart.o(i.USART_SendData) for USART_SendData
    main.o(i.main) refers to stm32f4_discovery.o(i.STM_EVAL_LEDInit) for STM_EVAL_LEDInit
    main.o(i.main) refers to stm32f4_discovery.o(i.STM_EVAL_LEDOn) for STM_EVAL_LEDOn
    main.o(i.main) refers to stm32f4xx_rcc.o(i.RCC_GetClocksFreq) for RCC_GetClocksFreq
    main.o(i.main) refers to stm32f4_discovery.o(i.STM_EVAL_PBInit) for STM_EVAL_PBInit
    main.o(i.main) refers to stm32f4xx_rcc.o(i.RCC_APB1PeriphClockCmd) for RCC_APB1PeriphClockCmd
    main.o(i.main) refers to stm32f4xx_rcc.o(i.RCC_AHB1PeriphClockCmd) for RCC_AHB1PeriphClockCmd
    main.o(i.main) refers to stm32f4xx_gpio.o(i.GPIO_Init) for GPIO_Init
    main.o(i.main) refers to stm32f4xx_gpio.o(i.GPIO_PinAFConfig) for GPIO_PinAFConfig
    main.o(i.main) refers to stm32f4xx_usart.o(i.USART_Init) for USART_Init
    main.o(i.main) refers to stm32f4xx_usart.o(i.USART_ITConfig) for USART_ITConfig
    main.o(i.main) refers to misc.o(i.NVIC_Init) for NVIC_Init
    main.o(i.main) refers to stm32f4xx_usart.o(i.USART_Cmd) for USART_Cmd
    main.o(i.main) refers to stm32f4xx_rcc.o(i.RCC_APB2PeriphClockCmd) for RCC_APB2PeriphClockCmd
    main.o(i.main) refers to stm32f4xx_spi.o(i.SPI_Init) for SPI_Init
    main.o(i.main) refers to stm32f4xx_gpio.o(i.GPIO_SetBits) for GPIO_SetBits
    main.o(i.main) refers to stm32f4xx_spi.o(i.SPI_Cmd) for SPI_Cmd
    main.o(i.main) refers to stm32f4xx_gpio.o(i.GPIO_ResetBits) for GPIO_ResetBits
    main.o(i.main) refers to stm32f4xx_spi.o(i.SPI_I2S_GetFlagStatus) for SPI_I2S_GetFlagStatus
    main.o(i.main) refers to stm32f4xx_spi.o(i.SPI_I2S_SendData) for SPI_I2S_SendData
    main.o(i.main) refers to stm32f4xx_spi.o(i.SPI_I2S_ReceiveData) for SPI_I2S_ReceiveData
    main.o(i.main) refers to headphone.o(i.WavePlayBack) for WavePlayBack
    main.o(i.main) refers to main.o(.bss) for .bss
    stm32f4xx_it.o(i.EXTI0_IRQHandler) refers to stm32f4xx_exti.o(i.EXTI_GetITStatus) for EXTI_GetITStatus
    stm32f4xx_it.o(i.EXTI0_IRQHandler) refers to stm32f4xx_exti.o(i.EXTI_ClearITPendingBit) for EXTI_ClearITPendingBit
    stm32f4xx_it.o(i.EXTI0_IRQHandler) refers to stm32f4xx_it.o(.data) for .data
    stm32f4xx_it.o(i.EXTI0_IRQHandler) refers to main.o(.data) for user_mode
    stm32f4xx_it.o(i.EXTI1_IRQHandler) refers to stm32f4xx_exti.o(i.EXTI_GetITStatus) for EXTI_GetITStatus
[...]
    Removing stm32f4xx_dac.o(i.DAC_GetITStatus), (40 bytes).
    Removing stm32f4xx_dac.o(i.DAC_ITConfig), (28 bytes).
    Removing stm32f4xx_dac.o(i.DAC_SetChannel2Data), (22 bytes).
    Removing stm32f4xx_dac.o(i.DAC_SetDualChannelData), (24 bytes).
    Removing stm32f4xx_dac.o(i.DAC_SoftwareTriggerCmd), (32 bytes).
    Removing stm32f4xx_dac.o(i.DAC_StructInit), (12 bytes).
    Removing stm32f4xx_dac.o(i.DAC_WaveGenerationCmd), (28 bytes).
    Removing stm32f4xx_dma.o(.emb_text), (8 bytes).
    Removing stm32f4xx_dma.o(i.DMA_ClearITPendingBit), (44 bytes).
    Removing stm32f4xx_dma.o(i.DMA_DoubleBufferModeCmd), (18 bytes).
    Removing stm32f4xx_dma.o(i.DMA_DoubleBufferModeConfig), (20 bytes).
    Removing stm32f4xx_dma.o(i.DMA_FlowControllerConfig), (18 bytes).
    Removing stm32f4xx_dma.o(i.DMA_GetCurrDataCounter), (6 bytes).
    Removing stm32f4xx_dma.o(i.DMA_GetCurrentMemoryTarget), (16 bytes).
    Removing stm32f4xx_dma.o(i.DMA_GetFIFOStatus), (8 bytes).
    Removing stm32f4xx_dma.o(i.DMA_GetITStatus), (96 bytes).
    Removing stm32f4xx_dma.o(i.DMA_MemoryTargetConfig), (10 bytes).
    Removing stm32f4xx_dma.o(i.DMA_PeriphIncOffsetSizeConfig), (18 bytes).
    Removing stm32f4xx_dma.o(i.DMA_SetCurrDataCounter), (4 bytes).
    Removing stm32f4xx_dma.o(i.DMA_StructInit), (34 bytes).
    Removing stm32f4xx_gpio.o(.emb_text), (8 bytes).
    Removing stm32f4xx_gpio.o(i.GPIO_DeInit), (276 bytes).
    Removing stm32f4xx_gpio.o(i.GPIO_PinLockConfig), (26 bytes).
    Removing stm32f4xx_gpio.o(i.GPIO_ReadInputData), (6 bytes).
    Removing stm32f4xx_gpio.o(i.GPIO_ReadInputDataBit), (14 bytes).
    Removing stm32f4xx_gpio.o(i.GPIO_ReadOutputData), (6 bytes).
    Removing stm32f4xx_gpio.o(i.GPIO_ReadOutputDataBit), (14 bytes).
    Removing stm32f4xx_gpio.o(i.GPIO_StructInit), (18 bytes).
    Removing stm32f4xx_gpio.o(i.GPIO_ToggleBits), (8 bytes).
    Removing stm32f4xx_gpio.o(i.GPIO_Write), (4 bytes).
    Removing stm32f4xx_i2c.o(.emb_text), (8 bytes).
    Removing stm32f4xx_i2c.o(i.I2C_ARPCmd), (18 bytes).
    Removing stm32f4xx_i2c.o(i.I2C_CalculatePEC), (18 bytes).
    Removing stm32f4xx_i2c.o(i.I2C_ClearITPendingBit), (6 bytes).
    Removing stm32f4xx_i2c.o(i.I2C_DMACmd), (18 bytes).
    Removing stm32f4xx_i2c.o(i.I2C_DMALastTransferCmd), (18 bytes).
    Removing stm32f4xx_i2c.o(i.I2C_DualAddressCmd), (18 bytes).
    Removing stm32f4xx_i2c.o(i.I2C_FastModeDutyCycleConfig), (20 bytes).
    Removing stm32f4xx_i2c.o(i.I2C_GeneralCallCmd), (18 bytes).
    Removing stm32f4xx_i2c.o(i.I2C_GetITStatus), (34 bytes).
    Removing stm32f4xx_i2c.o(i.I2C_GetLastEvent), (14 bytes).
    Removing stm32f4xx_i2c.o(i.I2C_GetPEC), (6 bytes).
    Removing stm32f4xx_i2c.o(i.I2C_ITConfig), (16 bytes).
    Removing stm32f4xx_i2c.o(i.I2C_NACKPositionConfig), (20 bytes).
    Removing stm32f4xx_i2c.o(i.I2C_OwnAddress2Config), (16 bytes).
    Removing stm32f4xx_i2c.o(i.I2C_PECPositionConfig), (20 bytes).
    Removing stm32f4xx_i2c.o(i.I2C_ReadRegister), (12 bytes).
    Removing stm32f4xx_i2c.o(i.I2C_SMBusAlertConfig), (20 bytes).
    Removing stm32f4xx_i2c.o(i.I2C_SoftwareResetCmd), (18 bytes).
    Removing stm32f4xx_i2c.o(i.I2C_StretchClockCmd), (18 bytes).
    Removing stm32f4xx_i2c.o(i.I2C_StructInit), (28 bytes).
    Removing stm32f4xx_i2c.o(i.I2C_TransmitPEC), (18 bytes).
    Removing stm32f4xx_rcc.o(.emb_text), (8 bytes).
    Removing stm32f4xx_rcc.o(i.RCC_AHB1PeriphClockLPModeCmd), (24 bytes).
    Removing stm32f4xx_rcc.o(i.RCC_AHB1PeriphResetCmd), (24 bytes).
    Removing stm32f4xx_rcc.o(i.RCC_AHB2PeriphClockCmd), (24 bytes).
    Removing stm32f4xx_rcc.o(i.RCC_AHB2PeriphClockLPModeCmd), (24 bytes).
    Removing stm32f4xx_rcc.o(i.RCC_AHB2PeriphResetCmd), (24 bytes).
    Removing stm32f4xx_rcc.o(i.RCC_AHB3PeriphClockCmd), (24 bytes).
    Removing stm32f4xx_rcc.o(i.RCC_AHB3PeriphClockLPModeCmd), (24 bytes).
    Removing stm32f4xx_rcc.o(i.RCC_AHB3PeriphResetCmd), (24 bytes).
    Removing stm32f4xx_rcc.o(i.RCC_APB1PeriphClockLPModeCmd), (24 bytes).
    Removing stm32f4xx_rcc.o(i.RCC_APB2PeriphClockLPModeCmd), (24 bytes).
    Removing stm32f4xx_rcc.o(i.RCC_AdjustHSICalibrationValue), (20 bytes).
    Removing stm32f4xx_rcc.o(i.RCC_BackupResetCmd), (12 bytes).
    Removing stm32f4xx_rcc.o(i.RCC_ClearFlag), (16 bytes).
    Removing stm32f4xx_rcc.o(i.RCC_ClearITPendingBit), (12 bytes).
    Removing stm32f4xx_rcc.o(i.RCC_ClockSecuritySystemCmd), (12 bytes).
    Removing stm32f4xx_rcc.o(i.RCC_DeInit), (64 bytes).
    Removing stm32f4xx_rcc.o(i.RCC_GetFlagStatus), (56 bytes).
    Removing stm32f4xx_rcc.o(i.RCC_GetITStatus), (20 bytes).
    Removing stm32f4xx_rcc.o(i.RCC_GetSYSCLKSource), (16 bytes).
    Removing stm32f4xx_rcc.o(i.RCC_HCLKConfig), (20 bytes).
    Removing stm32f4xx_rcc.o(i.RCC_HSEConfig), (16 bytes).
    Removing stm32f4xx_rcc.o(i.RCC_HSICmd), (12 bytes).
    Removing stm32f4xx_rcc.o(i.RCC_I2SCLKConfig), (12 bytes).
    Removing stm32f4xx_rcc.o(i.RCC_ITConfig), (24 bytes).
    Removing stm32f4xx_rcc.o(i.RCC_LSEConfig), (28 bytes).
    Removing stm32f4xx_rcc.o(i.RCC_LSICmd), (12 bytes).
    Removing stm32f4xx_rcc.o(i.RCC_MCO1Config), (20 bytes).
    Removing stm32f4xx_rcc.o(i.RCC_MCO2Config), (20 bytes).
    Removing stm32f4xx_rcc.o(i.RCC_PCLK1Config), (20 bytes).
    Removing stm32f4xx_rcc.o(i.RCC_PCLK2Config), (20 bytes).
    Removing stm32f4xx_rcc.o(i.RCC_PLLCmd), (12 bytes).
    Removing stm32f4xx_rcc.o(i.RCC_PLLConfig), (40 bytes).
    Removing stm32f4xx_rcc.o(i.RCC_PLLI2SCmd), (12 bytes).
    Removing stm32f4xx_rcc.o(i.RCC_PLLI2SConfig), (16 bytes).
    Removing stm32f4xx_rcc.o(i.RCC_RTCCLKCmd), (12 bytes).
    Removing stm32f4xx_rcc.o(i.RCC_RTCCLKConfig), (52 bytes).
    Removing stm32f4xx_rcc.o(i.RCC_SYSCLKConfig), (20 bytes).
    Removing stm32f4xx_rcc.o(i.RCC_WaitForHSEStartUp), (56 bytes).
    Removing stm32f4xx_spi.o(.emb_text), (8 bytes).
    Removing stm32f4xx_spi.o(i.I2S_FullDuplexConfig), (70 bytes).
    Removing stm32f4xx_spi.o(i.I2S_StructInit), (18 bytes).
    Removing stm32f4xx_spi.o(i.SPI_BiDirectionalLineConfig), (20 bytes).
    Removing stm32f4xx_spi.o(i.SPI_CalculateCRC), (18 bytes).
    Removing stm32f4xx_spi.o(i.SPI_DataSizeConfig), (16 bytes).
    Removing stm32f4xx_spi.o(i.SPI_GetCRC), (10 bytes).
    Removing stm32f4xx_spi.o(i.SPI_GetCRCPolynomial), (4 bytes).
    Removing stm32f4xx_spi.o(i.SPI_I2S_ClearFlag), (6 bytes).
    Removing stm32f4xx_spi.o(i.SPI_I2S_ClearITPendingBit), (16 bytes).
    Removing stm32f4xx_spi.o(i.SPI_NSSInternalSoftwareConfig), (22 bytes).
    Removing stm32f4xx_spi.o(i.SPI_SSOutputCmd), (18 bytes).
    Removing stm32f4xx_spi.o(i.SPI_StructInit), (24 bytes).
    Removing stm32f4xx_spi.o(i.SPI_TIModeCmd), (18 bytes).
    Removing stm32f4xx_spi.o(i.SPI_TransmitCRC), (10 bytes).
    Removing stm32f4xx_exti.o(.emb_text), (8 bytes).
    Removing stm32f4xx_exti.o(i.EXTI_ClearFlag), (12 bytes).
    Removing stm32f4xx_exti.o(i.EXTI_DeInit), (40 bytes).
    Removing stm32f4xx_exti.o(i.EXTI_GenerateSWInterrupt), (16 bytes).
    Removing stm32f4xx_exti.o(i.EXTI_GetFlagStatus), (20 bytes).
    Removing stm32f4xx_exti.o(i.EXTI_StructInit), (14 bytes).
    Removing stm32f4xx_rng.o(.emb_text), (8 bytes).
    Removing stm32f4xx_rng.o(i.RNG_ClearFlag), (16 bytes).
    Removing stm32f4xx_rng.o(i.RNG_ClearITPendingBit), (16 bytes).
    Removing stm32f4xx_rng.o(i.RNG_Cmd), (24 bytes).
    Removing stm32f4xx_rng.o(i.RNG_DeInit), (22 bytes).
    Removing stm32f4xx_rng.o(i.RNG_GetFlagStatus), (20 bytes).
    Removing stm32f4xx_rng.o(i.RNG_GetITStatus), (20 bytes).
    Removing stm32f4xx_rng.o(i.RNG_GetRandomNumber), (12 bytes).
    Removing stm32f4xx_rng.o(i.RNG_ITConfig), (24 bytes).
    Removing stm32f4xx_usart.o(.emb_text), (8 bytes).
    Removing stm32f4xx_usart.o(i.USART_ClearFlag), (6 bytes).
    Removing stm32f4xx_usart.o(i.USART_ClearITPendingBit), (14 bytes).
    Removing stm32f4xx_usart.o(i.USART_ClockInit), (34 bytes).
    Removing stm32f4xx_usart.o(i.USART_ClockStructInit), (12 bytes).
    Removing stm32f4xx_usart.o(i.USART_DMACmd), (16 bytes).
    Removing stm32f4xx_usart.o(i.USART_DeInit), (192 bytes).
    Removing stm32f4xx_usart.o(i.USART_GetFlagStatus), (14 bytes).
    Removing stm32f4xx_usart.o(i.USART_GetITStatus), (76 bytes).
    Removing stm32f4xx_usart.o(i.USART_HalfDuplexCmd), (18 bytes).
    Removing stm32f4xx_usart.o(i.USART_IrDACmd), (18 bytes).
    Removing stm32f4xx_usart.o(i.USART_IrDAConfig), (16 bytes).
    Removing stm32f4xx_usart.o(i.USART_LINBreakDetectLengthConfig), (16 bytes).
    Removing stm32f4xx_usart.o(i.USART_LINCmd), (18 bytes).
    Removing stm32f4xx_usart.o(i.USART_OneBitMethodCmd), (18 bytes).
    Removing stm32f4xx_usart.o(i.USART_OverSampling8Cmd), (18 bytes).
    Removing stm32f4xx_usart.o(i.USART_ReceiveData), (8 bytes).
    Removing stm32f4xx_usart.o(i.USART_ReceiverWakeUpCmd), (18 bytes).
    Removing stm32f4xx_usart.o(i.USART_SendBreak), (10 bytes).
    Removing stm32f4xx_usart.o(i.USART_SendData), (8 bytes).
    Removing stm32f4xx_usart.o(i.USART_SetAddress), (16 bytes).
    Removing stm32f4xx_usart.o(i.USART_SetGuardTime), (16 bytes).
    Removing stm32f4xx_usart.o(i.USART_SetPrescaler), (16 bytes).
    Removing stm32f4xx_usart.o(i.USART_SmartCardCmd), (18 bytes).
    Removing stm32f4xx_usart.o(i.USART_SmartCardNACKCmd), (18 bytes).
    Removing stm32f4xx_usart.o(i.USART_StructInit), (22 bytes).
    Removing stm32f4xx_usart.o(i.USART_WakeUpConfig), (16 bytes).
    Removing startup_stm32f4xx.o(HEAP), (512 bytes).
    Removing arm_fir_fast_q15.o(.emb_text), (8 bytes).
    Removing arm_fir_init_q15.o(.emb_text), (8 bytes).
    Removing arm_copy_q15.o(.emb_text), (8 bytes).
    Removing dneg.o(.text), (6 bytes).

204 unused section(s) (total 6243 bytes) removed from the image.

==============================================================================

Image Symbol Table

    Local Symbols

    Symbol Name                              Value     Ov Type        Size  Object(Section)

    ../clib/../cmprslib/zerorunl2.c          0x00000000   Number         0  __dczerorl2.o ABSOLUTE
    ../clib/microlib/errno.c                 0x00000000   Number         0  errno.o ABSOLUTE
    ../clib/microlib/init/entry.s            0x00000000   Number         0  entry2.o ABSOLUTE
    ../clib/microlib/init/entry.s            0x00000000   Number         0  entry11a.o ABSOLUTE
    ../clib/microlib/init/entry.s            0x00000000   Number         0  entry9b.o ABSOLUTE
    ../clib/microlib/init/entry.s            0x00000000   Number         0  entry10b.o ABSOLUTE
    ../clib/microlib/init/entry.s            0x00000000   Number         0  entry11b.o ABSOLUTE
    ../clib/microlib/init/entry.s            0x00000000   Number         0  entry.o ABSOLUTE
    ../clib/microlib/init/entry.s            0x00000000   Number         0  entry9a.o ABSOLUTE
    ../clib/microlib/init/entry.s            0x00000000   Number         0  entry7a.o ABSOLUTE
    ../clib/microlib/init/entry.s            0x00000000   Number         0  entry10a.o ABSOLUTE
    ../clib/microlib/init/entry.s            0x00000000   Number         0  entry8b.o ABSOLUTE
    ../clib/microlib/init/entry.s            0x00000000   Number         0  entry7b.o ABSOLUTE
    ../clib/microlib/init/entry.s            0x00000000   Number         0  entry8a.o ABSOLUTE
    ../clib/microlib/init/entry.s            0x00000000   Number         0  entry5.o ABSOLUTE
    ../clib/microlib/longlong.c              0x00000000   Number         0  llushr.o ABSOLUTE
    ../clib/microlib/longlong.c              0x00000000   Number         0  llshl.o ABSOLUTE
    ../clib/microlib/longlong.c              0x00000000   Number         0  llsshr.o ABSOLUTE
    ../clib/microlib/string/memset.c         0x00000000   Number         0  memseta.o ABSOLUTE
    ../clib/microlib/stubs.s                 0x00000000   Number         0  iusefp.o ABSOLUTE
    ../fplib/microlib/f2d.c                  0x00000000   Number         0  f2d.o ABSOLUTE
    ../fplib/microlib/fpadd.c                0x00000000   Number         0  dadd.o ABSOLUTE
    ../fplib/microlib/fpdiv.c                0x00000000   Number         0  ddiv.o ABSOLUTE
    ../fplib/microlib/fpepilogue.c           0x00000000   Number         0  depilogue.o ABSOLUTE
    ../fplib/microlib/fpfix.c                0x00000000   Number         0  dfixi.o ABSOLUTE
    ../fplib/microlib/fpfix.c                0x00000000   Number         0  dfixui.o ABSOLUTE
    ../fplib/microlib/fpflt.c                0x00000000   Number         0  dfltui.o ABSOLUTE
    ../fplib/microlib/fpflt.c                0x00000000   Number         0  dflti.o ABSOLUTE
    ../fplib/microlib/fpmul.c                0x00000000   Number         0  dmul.o ABSOLUTE
    ../fplib/microlib/fpneg.c                0x00000000   Number         0  dneg.o ABSOLUTE
    ../fplib/microlib/fprnd.c                0x00000000   Number         0  drnd.o ABSOLUTE
    ../fplib/microlib/fpscalb.c              0x00000000   Number         0  fscalb.o ABSOLUTE
    ../mathlib/cos_i.c                       0x00000000   Number         0  cos_i.o ABSOLUTE
    ../mathlib/dunder.c                      0x00000000   Number         0  dunder.o ABSOLUTE
    ../mathlib/fabs.c                        0x00000000   Number         0  fabs.o ABSOLUTE
    ../mathlib/fpclassify.c                  0x00000000   Number         0  fpclassify.o ABSOLUTE
    ../mathlib/poly.c                        0x00000000   Number         0  poly.o ABSOLUTE
    ../mathlib/round.c                       0x00000000   Number         0  round.o ABSOLUTE
    ../mathlib/rred.c                        0x00000000   Number         0  rred.o ABSOLUTE
    ../mathlib/sin.c                         0x00000000   Number         0  sin.o ABSOLUTE
    ../mathlib/sin.c                         0x00000000   Number         0  sin_x.o ABSOLUTE
    ../mathlib/sin_i.c                       0x00000000   Number         0  sin_i.o ABSOLUTE
    ../mathlib/sin_i.c                       0x00000000   Number         0  sin_i_x.o ABSOLUTE
    ..\..\Libraries\CMSIS\ST\STM32F4xx\Source\Templates\arm\startup_stm32f4xx.s 0x00000000   Number         0  startup_stm32f4xx.o ABSOLUTE
    ..\..\Libraries\STM32F4xx_StdPeriph_Driver\src\misc.c 0x00000000   Number         0  misc.o ABSOLUTE
    ..\..\Libraries\STM32F4xx_StdPeriph_Driver\src\stm32f4xx_dac.c 0x00000000   Number         0  stm32f4xx_dac.o ABSOLUTE
    ..\..\Libraries\STM32F4xx_StdPeriph_Driver\src\stm32f4xx_dma.c 0x00000000   Number         0  stm32f4xx_dma.o ABSOLUTE
    ..\..\Libraries\STM32F4xx_StdPeriph_Driver\src\stm32f4xx_exti.c 0x00000000   Number         0  stm32f4xx_exti.o ABSOLUTE
    ..\..\Libraries\STM32F4xx_StdPeriph_Driver\src\stm32f4xx_gpio.c 0x00000000   Number         0  stm32f4xx_gpio.o ABSOLUTE
    ..\..\Libraries\STM32F4xx_StdPeriph_Driver\src\stm32f4xx_i2c.c 0x00000000   Number         0  stm32f4xx_i2c.o ABSOLUTE
    ..\..\Libraries\STM32F4xx_StdPeriph_Driver\src\stm32f4xx_rcc.c 0x00000000   Number         0  stm32f4xx_rcc.o ABSOLUTE
    ..\..\Libraries\STM32F4xx_StdPeriph_Driver\src\stm32f4xx_rng.c 0x00000000   Number         0  stm32f4xx_rng.o ABSOLUTE
    ..\..\Libraries\STM32F4xx_StdPeriph_Driver\src\stm32f4xx_spi.c 0x00000000   Number         0  stm32f4xx_spi.o ABSOLUTE
    ..\..\Libraries\STM32F4xx_StdPeriph_Driver\src\stm32f4xx_syscfg.c 0x00000000   Number         0  stm32f4xx_syscfg.o ABSOLUTE
    ..\..\Libraries\STM32F4xx_StdPeriph_Driver\src\stm32f4xx_usart.c 0x00000000   Number         0  stm32f4xx_usart.o ABSOLUTE
    ..\..\Utilities\STM32F4-Discovery\stm32f4_discovery.c 0x00000000   Number         0  stm32f4_discovery.o ABSOLUTE
    ..\..\Utilities\STM32F4-Discovery\stm32f4_discovery_audio_codec.c 0x00000000   Number         0  stm32f4_discovery_audio_codec.o ABSOLUTE
    ..\FilteringFunctions\arm_fir_fast_q15.c 0x00000000   Number         0  arm_fir_fast_q15.o ABSOLUTE
    ..\FilteringFunctions\arm_fir_init_q15.c 0x00000000   Number         0  arm_fir_init_q15.o ABSOLUTE
    ..\SupportFunctions\arm_copy_q15.c       0x00000000   Number         0  arm_copy_q15.o ABSOLUTE
    ..\\..\\Libraries\\STM32F4xx_StdPeriph_Driver\\src\\misc.c 0x00000000   Number         0  misc.o ABSOLUTE
    ..\\..\\Libraries\\STM32F4xx_StdPeriph_Driver\\src\\stm32f4xx_dac.c 0x00000000   Number         0  stm32f4xx_dac.o ABSOLUTE
    ..\\..\\Libraries\\STM32F4xx_StdPeriph_Driver\\src\\stm32f4xx_dma.c 0x00000000   Number         0  stm32f4xx_dma.o ABSOLUTE
    ..\\..\\Libraries\\STM32F4xx_StdPeriph_Driver\\src\\stm32f4xx_exti.c 0x00000000   Number         0  stm32f4xx_exti.o ABSOLUTE
    ..\\..\\Libraries\\STM32F4xx_StdPeriph_Driver\\src\\stm32f4xx_gpio.c 0x00000000   Number         0  stm32f4xx_gpio.o ABSOLUTE
    ..\\..\\Libraries\\STM32F4xx_StdPeriph_Driver\\src\\stm32f4xx_i2c.c 0x00000000   Number         0  stm32f4xx_i2c.o ABSOLUTE
    ..\\..\\Libraries\\STM32F4xx_StdPeriph_Driver\\src\\stm32f4xx_rcc.c 0x00000000   Number         0  stm32f4xx_rcc.o ABSOLUTE
    ..\\..\\Libraries\\STM32F4xx_StdPeriph_Driver\\src\\stm32f4xx_rng.c 0x00000000   Number         0  stm32f4xx_rng.o ABSOLUTE
    ..\\..\\Libraries\\STM32F4xx_StdPeriph_Driver\\src\\stm32f4xx_spi.c 0x00000000   Number         0  stm32f4xx_spi.o ABSOLUTE
    ..\\..\\Libraries\\STM32F4xx_StdPeriph_Driver\\src\\stm32f4xx_syscfg.c 0x00000000   Number         0  stm32f4xx_syscfg.o ABSOLUTE
    ..\\..\\Libraries\\STM32F4xx_StdPeriph_Driver\\src\\stm32f4xx_usart.c 0x00000000   Number         0  stm32f4xx_usart.o ABSOLUTE
    ..\\..\\Utilities\\STM32F4-Discovery\\stm32f4_discovery.c 0x00000000   Number         0  stm32f4_discovery.o ABSOLUTE
    ..\\..\\Utilities\\STM32F4-Discovery\\stm32f4_discovery_audio_codec.c 0x00000000   Number         0  stm32f4_discovery_audio_codec.o ABSOLUTE
    ..\\FilteringFunctions\\arm_fir_fast_q15.c 0x00000000   Number         0  arm_fir_fast_q15.o ABSOLUTE
    ..\\FilteringFunctions\\arm_fir_init_q15.c 0x00000000   Number         0  arm_fir_init_q15.o ABSOLUTE
    ..\\SupportFunctions\\arm_copy_q15.c     0x00000000   Number         0  arm_copy_q15.o ABSOLUTE
    ..\\src\\dsp.c                           0x00000000   Number         0  dsp.o ABSOLUTE
    ..\\src\\headphone.c                     0x00000000   Number         0  headphone.o ABSOLUTE
    ..\\src\\main.c                          0x00000000   Number         0  main.o ABSOLUTE
    ..\\src\\microphone.c                    0x00000000   Number         0  microphone.o ABSOLUTE
    ..\\src\\stm32f4xx_it.c                  0x00000000   Number         0  stm32f4xx_it.o ABSOLUTE
    ..\\src\\system_stm32f4xx.c              0x00000000   Number         0  system_stm32f4xx.o ABSOLUTE
    ..\src\dsp.c                             0x00000000   Number         0  dsp.o ABSOLUTE
    ..\src\headphone.c                       0x00000000   Number         0  headphone.o ABSOLUTE
    ..\src\main.c                            0x00000000   Number         0  main.o ABSOLUTE
    ..\src\microphone.c                      0x00000000   Number         0  microphone.o ABSOLUTE
    ..\src\pdm_filter.c                      0x00000000   Number         0  pdm_filter.o ABSOLUTE
    ..\src\stm32f4xx_it.c                    0x00000000   Number         0  stm32f4xx_it.o ABSOLUTE
    ..\src\system_stm32f4xx.c                0x00000000   Number         0  system_stm32f4xx.o ABSOLUTE
    cdcmple.s                                0x00000000   Number         0  cdcmple.o ABSOLUTE
    cdrcmple.s                               0x00000000   Number         0  cdrcmple.o ABSOLUTE
    dc.s                                     0x00000000   Number         0  dc.o ABSOLUTE
    handlers.s                               0x00000000   Number         0  handlers.o ABSOLUTE
    init.s                                   0x00000000   Number         0  init.o ABSOLUTE
    RESET                                    0x08000000   Section      392  startup_stm32f4xx.o(RESET)
    .ARM.Collect$$$$00000000                 0x08000188   Section        0  entry.o(.ARM.Collect$$$$00000000)
    .ARM.Collect$$$$00000001                 0x08000188   Section        4  entry2.o(.ARM.Collect$$$$00000001)
    .ARM.Collect$$$$00000004                 0x0800018c   Section        4  entry5.o(.ARM.Collect$$$$00000004)
    .ARM.Collect$$$$00000008                 0x08000190   Section        0  entry7b.o(.ARM.Collect$$$$00000008)
    .ARM.Collect$$$$0000000A                 0x08000190   Section        0  entry8b.o(.ARM.Collect$$$$0000000A)
    .ARM.Collect$$$$0000000B                 0x08000190   Section        8  entry9a.o(.ARM.Collect$$$$0000000B)
    .ARM.Collect$$$$0000000D                 0x08000198   Section        0  entry10a.o(.ARM.Collect$$$$0000000D)
    .ARM.Collect$$$$0000000F                 0x08000198   Section        0  entry11a.o(.ARM.Collect$$$$0000000F)
    .ARM.Collect$$$$00002712                 0x08000198   Section        4  entry2.o(.ARM.Collect$$$$00002712)
    __lit__00000000                          0x08000198   Data           4  entry2.o(.ARM.Collect$$$$00002712)
    .text                                    0x0800019c   Section       36  startup_stm32f4xx.o(.text)
    $v0                                      0x0800019c   Number         0  startup_stm32f4xx.o(.text)
    .text                                    0x080001c0   Section        0  pdm_filter.o(.text)
    .text                                    0x08000dbc   Section        0  arm_fir_fast_q15.o(.text)
    .text                                    0x08000f9a   Section        0  arm_fir_init_q15.o(.text)
    .text                                    0x08000fc8   Section        0  arm_copy_q15.o(.text)
    .text                                    0x08001046   Section        0  memseta.o(.text)
    .text                                    0x0800106a   Section        0  fscalb.o(.text)
    .text                                    0x08001082   Section        0  dadd.o(.text)
    .text                                    0x080011d0   Section        0  dmul.o(.text)
    .text                                    0x080012b4   Section        0  ddiv.o(.text)
    .text                                    0x08001392   Section        0  dflti.o(.text)
    .text                                    0x080013b4   Section        0  dfltui.o(.text)
    .text                                    0x080013ce   Section        0  dfixi.o(.text)
    .text                                    0x0800140c   Section        0  dfixui.o(.text)
    .text                                    0x0800143e   Section        0  f2d.o(.text)
    .text                                    0x08001464   Section       48  cdcmple.o(.text)
    .text                                    0x08001494   Section        0  llshl.o(.text)
    .text                                    0x080014b2   Section        0  llushr.o(.text)
    .text                                    0x080014d2   Section        0  llsshr.o(.text)
    .text                                    0x080014f6   Section        0  iusefp.o(.text)
    .text                                    0x080014f6   Section        0  depilogue.o(.text)
    .text                                    0x080015b0   Section        0  drnd.o(.text)
    .text                                    0x08001638   Section       48  cdrcmple.o(.text)
    .text                                    0x08001668   Section       36  init.o(.text)
    .text                                    0x0800168c   Section        0  __dczerorl2.o(.text)
    i.Accelerometer_GetData                  0x080016e2   Section        0  main.o(i.Accelerometer_GetData)
    i.Audio_MAL_IRQHandler                   0x08001700   Section        0  stm32f4_discovery_audio_codec.o(i.Audio_MAL_IRQHandler)
    Audio_MAL_IRQHandler                     0x08001701   Thumb Code   156  stm32f4_discovery_audio_codec.o(i.Audio_MAL_IRQHandler)
    i.Audio_MAL_Play                         0x080017a4   Section        0  stm32f4_discovery_audio_codec.o(i.Audio_MAL_Play)
    i.BusFault_Handler                       0x0800180c   Section        0  stm32f4xx_it.o(i.BusFault_Handler)
    i.Codec_WriteRegister                    0x08001810   Section        0  stm32f4_discovery_audio_codec.o(i.Codec_WriteRegister)
    Codec_WriteRegister                      0x08001811   Thumb Code   632  stm32f4_discovery_audio_codec.o(i.Codec_WriteRegister)
    i.DAC_Cmd                                0x08001ab0   Section        0  stm32f4xx_dac.o(i.DAC_Cmd)
    i.DAC_Init                               0x08001acc   Section        0  stm32f4xx_dac.o(i.DAC_Init)
    i.DAC_SetChannel1Data                    0x08001b00   Section        0  stm32f4xx_dac.o(i.DAC_SetChannel1Data)
    i.DMA1_Stream0_IRQHandler                0x08001b16   Section        0  stm32f4_discovery_audio_codec.o(i.DMA1_Stream0_IRQHandler)
    i.DMA1_Stream7_IRQHandler                0x08001b1a   Section        0  stm32f4_discovery_audio_codec.o(i.DMA1_Stream7_IRQHandler)
    i.DMA_ClearFlag                          0x08001b20   Section        0  stm32f4xx_dma.o(i.DMA_ClearFlag)
    i.DMA_Cmd                                0x08001b4c   Section        0  stm32f4xx_dma.o(i.DMA_Cmd)
    i.DMA_DeInit                             0x08001b60   Section        0  stm32f4xx_dma.o(i.DMA_DeInit)
    i.DMA_GetCmdStatus                       0x08001ce4   Section        0  stm32f4xx_dma.o(i.DMA_GetCmdStatus)
    i.DMA_GetFlagStatus                      0x08001cf4   Section        0  stm32f4xx_dma.o(i.DMA_GetFlagStatus)
    i.DMA_ITConfig                           0x08001d28   Section        0  stm32f4xx_dma.o(i.DMA_ITConfig)
    i.DMA_Init                               0x08001d68   Section        0  stm32f4xx_dma.o(i.DMA_Init)
    i.DebugMon_Handler                       0x08001de0   Section        0  stm32f4xx_it.o(i.DebugMon_Handler)
    i.EVAL_AUDIO_GetSampleCallBack           0x08001de2   Section        0  headphone.o(i.EVAL_AUDIO_GetSampleCallBack)
    i.EVAL_AUDIO_Init                        0x08001de8   Section        0  stm32f4_discovery_audio_codec.o(i.EVAL_AUDIO_Init)
    i.EVAL_AUDIO_SetAudioInterface           0x080021d4   Section        0  stm32f4_discovery_audio_codec.o(i.EVAL_AUDIO_SetAudioInterface)
    i.EVAL_AUDIO_TransferComplete_CallBack   0x0800226c   Section        0  headphone.o(i.EVAL_AUDIO_TransferComplete_CallBack)
    i.EXTI0_IRQHandler                       0x0800229c   Section        0  stm32f4xx_it.o(i.EXTI0_IRQHandler)
    i.EXTI1_IRQHandler                       0x080022e8   Section        0  stm32f4xx_it.o(i.EXTI1_IRQHandler)
    i.EXTI_ClearITPendingBit                 0x08002308   Section        0  stm32f4xx_exti.o(i.EXTI_ClearITPendingBit)
    i.EXTI_GetITStatus                       0x08002314   Section        0  stm32f4xx_exti.o(i.EXTI_GetITStatus)
    i.EXTI_Init                              0x08002334   Section        0  stm32f4xx_exti.o(i.EXTI_Init)
    i.GPIO_Init                              0x080023c4   Section        0  stm32f4xx_gpio.o(i.GPIO_Init)
    i.GPIO_PinAFConfig                       0x0800245e   Section        0  stm32f4xx_gpio.o(i.GPIO_PinAFConfig)
    i.GPIO_ResetBits                         0x08002480   Section        0  stm32f4xx_gpio.o(i.GPIO_ResetBits)
    i.GPIO_SetBits                           0x08002484   Section        0  stm32f4xx_gpio.o(i.GPIO_SetBits)
    i.GPIO_WriteBit                          0x08002488   Section        0  stm32f4xx_gpio.o(i.GPIO_WriteBit)
    i.HardFault_Handler                      0x08002492   Section        0  stm32f4xx_it.o(i.HardFault_Handler)
    i.I2C_AcknowledgeConfig                  0x08002494   Section        0  stm32f4xx_i2c.o(i.I2C_AcknowledgeConfig)
    i.I2C_CheckEvent                         0x080024a6   Section        0  stm32f4xx_i2c.o(i.I2C_CheckEvent)
    i.I2C_ClearFlag                          0x080024c0   Section        0  stm32f4xx_i2c.o(i.I2C_ClearFlag)
    i.I2C_Cmd                                0x080024c6   Section        0  stm32f4xx_i2c.o(i.I2C_Cmd)
    i.I2C_DeInit                             0x080024d8   Section        0  stm32f4xx_i2c.o(i.I2C_DeInit)
    i.I2C_GenerateSTART                      0x0800253c   Section        0  stm32f4xx_i2c.o(i.I2C_GenerateSTART)
    i.I2C_GenerateSTOP                       0x0800254e   Section        0  stm32f4xx_i2c.o(i.I2C_GenerateSTOP)
    i.I2C_GetFlagStatus                      0x08002560   Section        0  stm32f4xx_i2c.o(i.I2C_GetFlagStatus)
    i.I2C_Init                               0x0800258c   Section        0  stm32f4xx_i2c.o(i.I2C_Init)
    i.I2C_ReceiveData                        0x08002650   Section        0  stm32f4xx_i2c.o(i.I2C_ReceiveData)
    i.I2C_Send7bitAddress                    0x08002656   Section        0  stm32f4xx_i2c.o(i.I2C_Send7bitAddress)
    i.I2C_SendData                           0x08002666   Section        0  stm32f4xx_i2c.o(i.I2C_SendData)
    i.I2S_Cmd                                0x0800266a   Section        0  stm32f4xx_spi.o(i.I2S_Cmd)
    i.I2S_Init                               0x0800267c   Section        0  stm32f4xx_spi.o(i.I2S_Init)
    i.MemManage_Handler                      0x08002770   Section        0  stm32f4xx_it.o(i.MemManage_Handler)
    i.NMI_Handler                            0x08002772   Section        0  stm32f4xx_it.o(i.NMI_Handler)
    i.NVIC_Init                              0x08002774   Section        0  misc.o(i.NVIC_Init)
    i.NVIC_PriorityGroupConfig               0x080027e4   Section        0  misc.o(i.NVIC_PriorityGroupConfig)
    i.PendSV_Handler                         0x080027f8   Section        0  stm32f4xx_it.o(i.PendSV_Handler)
    i.RCC_AHB1PeriphClockCmd                 0x080027fc   Section        0  stm32f4xx_rcc.o(i.RCC_AHB1PeriphClockCmd)
    i.RCC_APB1PeriphClockCmd                 0x08002814   Section        0  stm32f4xx_rcc.o(i.RCC_APB1PeriphClockCmd)
    i.RCC_APB1PeriphResetCmd                 0x0800282c   Section        0  stm32f4xx_rcc.o(i.RCC_APB1PeriphResetCmd)
    i.RCC_APB2PeriphClockCmd                 0x08002844   Section        0  stm32f4xx_rcc.o(i.RCC_APB2PeriphClockCmd)
    i.RCC_APB2PeriphResetCmd                 0x0800285c   Section        0  stm32f4xx_rcc.o(i.RCC_APB2PeriphResetCmd)
    i.RCC_GetClocksFreq                      0x08002874   Section        0  stm32f4xx_rcc.o(i.RCC_GetClocksFreq)
    i.SPI1_GetData                           0x0800291c   Section        0  main.o(i.SPI1_GetData)
    i.SPI2_IRQHandler                        0x08002990   Section        0  microphone.o(i.SPI2_IRQHandler)
    i.SPI3_IRQHandler                        0x080029ec   Section        0  stm32f4_discovery_audio_codec.o(i.SPI3_IRQHandler)
    i.SPI_Cmd                                0x08002a2c   Section        0  stm32f4xx_spi.o(i.SPI_Cmd)
    i.SPI_I2S_DMACmd                         0x08002a3e   Section        0  stm32f4xx_spi.o(i.SPI_I2S_DMACmd)
    i.SPI_I2S_DeInit                         0x08002a4e   Section        0  stm32f4xx_spi.o(i.SPI_I2S_DeInit)
    i.SPI_I2S_GetFlagStatus                  0x08002ab2   Section        0  stm32f4xx_spi.o(i.SPI_I2S_GetFlagStatus)
    i.SPI_I2S_GetITStatus                    0x08002ac0   Section        0  stm32f4xx_spi.o(i.SPI_I2S_GetITStatus)
    i.SPI_I2S_ITConfig                       0x08002aee   Section        0  stm32f4xx_spi.o(i.SPI_I2S_ITConfig)
    i.SPI_I2S_ReceiveData                    0x08002b08   Section        0  stm32f4xx_spi.o(i.SPI_I2S_ReceiveData)
    i.SPI_I2S_SendData                       0x08002b0c   Section        0  stm32f4xx_spi.o(i.SPI_I2S_SendData)
    i.SPI_Init                               0x08002b10   Section        0  stm32f4xx_spi.o(i.SPI_Init)
    i.STM_EVAL_LEDInit                       0x08002b64   Section        0  stm32f4_discovery.o(i.STM_EVAL_LEDInit)
    i.STM_EVAL_LEDOff                        0x08002bb0   Section        0  stm32f4_discovery.o(i.STM_EVAL_LEDOff)
    i.STM_EVAL_LEDOn                         0x08002bc8   Section        0  stm32f4_discovery.o(i.STM_EVAL_LEDOn)
    i.STM_EVAL_LEDToggle                     0x08002be0   Section        0  stm32f4_discovery.o(i.STM_EVAL_LEDToggle)
    i.STM_EVAL_PBInit                        0x08002bfc   Section        0  stm32f4_discovery.o(i.STM_EVAL_PBInit)
    i.SVC_Handler                            0x08002ca0   Section        0  stm32f4xx_it.o(i.SVC_Handler)
    i.SYSCFG_EXTILineConfig                  0x08002ca2   Section        0  stm32f4xx_syscfg.o(i.SYSCFG_EXTILineConfig)
    i.SysTick_Handler                        0x08002cd0   Section        0  stm32f4xx_it.o(i.SysTick_Handler)
    i.SystemInit                             0x08002db0   Section        0  system_stm32f4xx.o(i.SystemInit)
    i.USART2_IRQHandler                      0x08002edc   Section        0  main.o(i.USART2_IRQHandler)
    i.USART_Cmd                              0x08002ede   Section        0  stm32f4xx_usart.o(i.USART_Cmd)
    i.USART_ITConfig                         0x08002ef0   Section        0  stm32f4xx_usart.o(i.USART_ITConfig)
    i.USART_Init                             0x08002f20   Section        0  stm32f4xx_usart.o(i.USART_Init)
    i.UsageFault_Handler                     0x08002fd8   Section        0  stm32f4xx_it.o(i.UsageFault_Handler)
    i.WavePlayBack                           0x08002fe0   Section        0  headphone.o(i.WavePlayBack)
    i.WaveRecorderBeginSampling              0x080031cc   Section        0  microphone.o(i.WaveRecorderBeginSampling)
    i.WaveRecorderCallback                   0x08003210   Section        0  headphone.o(i.WaveRecorderCallback)
    i.WaveRecorderInit                       0x08003290   Section        0  microphone.o(i.WaveRecorderInit)
    i.__ARM_fpclassify                       0x080033c4   Section        0  fpclassify.o(i.__ARM_fpclassify)
    i.__hardfp_round                         0x080033f8   Section        0  round.o(i.__hardfp_round)
    i.__hardfp_sin                           0x080034d8   Section        0  sin.o(i.__hardfp_sin)
    i.__ieee754_rem_pio2                     0x080035a0   Section        0  rred.o(i.__ieee754_rem_pio2)
    i.__kernel_cos                           0x080039d8   Section        0  cos_i.o(i.__kernel_cos)
    i.__kernel_poly                          0x08003b48   Section        0  poly.o(i.__kernel_poly)
    i.__kernel_sin                           0x08003c40   Section        0  sin_i.o(i.__kernel_sin)
    i.__mathlib_dbl_infnan                   0x08003d70   Section        0  dunder.o(i.__mathlib_dbl_infnan)
    i.__mathlib_dbl_invalid                  0x08003d88   Section        0  dunder.o(i.__mathlib_dbl_invalid)
    i.__mathlib_dbl_underflow                0x08003da8   Section        0  dunder.o(i.__mathlib_dbl_underflow)
    i.__scatterload_copy                     0x08003dc8   Section       14  handlers.o(i.__scatterload_copy)
    i.__scatterload_null                     0x08003dd6   Section        2  handlers.o(i.__scatterload_null)
    i.__scatterload_zeroinit                 0x08003dd8   Section       14  handlers.o(i.__scatterload_zeroinit)
    i.__set_errno                            0x08003de8   Section        0  errno.o(i.__set_errno)
    i.dsp                                    0x08003df4   Section        0  dsp.o(i.dsp)
    i.fabs                                   0x08003e8c   Section        0  fabs.o(i.fabs)
    i.fill_buffer                            0x08003ea4   Section        0  headphone.o(i.fill_buffer)
    fill_buffer                              0x08003ea5   Thumb Code   286  headphone.o(i.fill_buffer)
    i.main                                   0x08003fd8   Section        0  main.o(i.main)
    .constdata                               0x08004200   Section      156  headphone.o(.constdata)
    .constdata                               0x0800429c   Section       36  stm32f4_discovery.o(.constdata)
    .constdata                               0x080042c0   Section       48  cos_i.o(.constdata)
    C                                        0x080042c0   Data          48  cos_i.o(.constdata)
    .constdata                               0x080042f0   Section      200  rred.o(.constdata)
    pio2s                                    0x080042f0   Data          48  rred.o(.constdata)
    twooverpi                                0x08004320   Data         152  rred.o(.constdata)
    .constdata                               0x080043b8   Section       40  sin_i.o(.constdata)
    S                                        0x080043b8   Data          40  sin_i.o(.constdata)
    .data                                    0x20000000   Section        4  main.o(.data)
    .data                                    0x20000004   Section       12  stm32f4xx_it.o(.data)
    last_button_time                         0x20000008   Data           4  stm32f4xx_it.o(.data)
    .data                                    0x20000010   Section      240  headphone.o(.data)
    volume                                   0x20000010   Data           1  headphone.o(.data)
    next_buff                                0x20000011   Data           1  headphone.o(.data)
    mic_head                                 0x20000016   Data           2  headphone.o(.data)
    mic_tail                                 0x20000018   Data           2  headphone.o(.data)
    clip_timer                               0x20000024   Data           4  headphone.o(.data)
    .data                                    0x20000100   Section       24  microphone.o(.data)
    AudioRecInited                           0x20000100   Data           4  microphone.o(.data)
    InternalBufferSize                       0x20000110   Data           4  microphone.o(.data)
    .data                                    0x20000118   Section      232  dsp.o(.data)
    .data                                    0x20000200   Section       20  stm32f4_discovery.o(.data)
    .data                                    0x20000214   Section       64  stm32f4_discovery_audio_codec.o(.data)
    .data                                    0x20000254   Section       16  stm32f4xx_rcc.o(.data)
    APBAHBPrescTable                         0x20000254   Data          16  stm32f4xx_rcc.o(.data)
    .data                                    0x20000264   Section      772  pdm_filter.o(.data)
    .data                                    0x20000568   Section        4  errno.o(.data)
    _errno                                   0x20000568   Data           4  errno.o(.data)
    .bss                                     0x2000056c   Section       16  main.o(.bss)
    .bss                                     0x20000580   Section    89408  headphone.o(.bss)
    buff0                                    0x20000580   Data        2048  headphone.o(.bss)
    buff1                                    0x20000d80   Data        2048  headphone.o(.bss)
    micbuff                                  0x20001580   Data        3072  headphone.o(.bss)
    .bss                                     0x200162c0   Section      212  microphone.o(.bss)
    InternalBuffer                           0x20016314   Data         128  microphone.o(.bss)
    .bss                                     0x20016394   Section     2172  dsp.o(.bss)
    .bss                                     0x20016c10   Section       60  stm32f4_discovery_audio_codec.o(.bss)
    STACK                                    0x20016c50   Section     1024  startup_stm32f4xx.o(STACK)

    Global Symbols

    Symbol Name                              Value     Ov Type        Size  Object(Section)

    BuildAttributes$$THM_ISAv4$E$P$D$K$B$S$7EM$VFPi3$EXTD16$VFPS$VFMA$PE$A:L22UL41UL21$X:L11$S22US41US21$IEEE1$IW$USESV6$~STKCKD$USESV7$~SHL$OTIME$ROPI$IEEEX$EBA8$MICROLIB$REQ8$PRES8$EABIv2 0x00000000   Number         0  anon$$obj.o ABSOLUTE
    __ARM_use_no_argv                        0x00000000   Number         0  main.o ABSOLUTE
    __cpp_initialize__aeabi_                  - Undefined Weak Reference
    __cxa_finalize                            - Undefined Weak Reference
    _clock_init                               - Undefined Weak Reference
    _microlib_exit                            - Undefined Weak Reference
    __Vectors_Size                           0x00000188   Number         0  startup_stm32f4xx.o ABSOLUTE
    __Vectors                                0x08000000   Data           4  startup_stm32f4xx.o(RESET)
    __Vectors_End                            0x08000188   Data           0  startup_stm32f4xx.o(RESET)
    __main                                   0x08000189   Thumb Code     0  entry.o(.ARM.Collect$$$$00000000)
    _main_stk                                0x08000189   Thumb Code     0  entry2.o(.ARM.Collect$$$$00000001)
    _main_scatterload                        0x0800018d   Thumb Code     0  entry5.o(.ARM.Collect$$$$00000004)
    __main_after_scatterload                 0x08000191   Thumb Code     0  entry5.o(.ARM.Collect$$$$00000004)
    _main_clock                              0x08000191   Thumb Code     0  entry7b.o(.ARM.Collect$$$$00000008)
    _main_cpp_init                           0x08000191   Thumb Code     0  entry8b.o(.ARM.Collect$$$$0000000A)
    _main_init                               0x08000191   Thumb Code     0  entry9a.o(.ARM.Collect$$$$0000000B)
    __rt_final_cpp                           0x08000199   Thumb Code     0  entry10a.o(.ARM.Collect$$$$0000000D)
    __rt_final_exit                          0x08000199   Thumb Code     0  entry11a.o(.ARM.Collect$$$$0000000F)
    Reset_Handler                            0x0800019d   Thumb Code     8  startup_stm32f4xx.o(.text)
    ADC_IRQHandler                           0x080001b7   Thumb Code     0  startup_stm32f4xx.o(.text)
    CAN1_RX0_IRQHandler                      0x080001b7   Thumb Code     0  startup_stm32f4xx.o(.text)
    CAN1_RX1_IRQHandler                      0x080001b7   Thumb Code     0  startup_stm32f4xx.o(.text)
    CAN1_SCE_IRQHandler                      0x080001b7   Thumb Code     0  startup_stm32f4xx.o(.text)
    CAN1_TX_IRQHandler                       0x080001b7   Thumb Code     0  startup_stm32f4xx.o(.text)
    CAN2_RX0_IRQHandler                      0x080001b7   Thumb Code     0  startup_stm32f4xx.o(.text)
    CAN2_RX1_IRQHandler                      0x080001b7   Thumb Code     0  startup_stm32f4xx.o(.text)
    CAN2_SCE_IRQHandler                      0x080001b7   Thumb Code     0  startup_stm32f4xx.o(.text)
    CAN2_TX_IRQHandler                       0x080001b7   Thumb Code     0  startup_stm32f4xx.o(.text)
    CRYP_IRQHandler                          0x080001b7   Thumb Code     0  startup_stm32f4xx.o(.text)
    DCMI_IRQHandler                          0x080001b7   Thumb Code     0  startup_stm32f4xx.o(.text)
    DMA1_Stream1_IRQHandler                  0x080001b7   Thumb Code     0  startup_stm32f4xx.o(.text)
    DMA1_Stream2_IRQHandler                  0x080001b7   Thumb Code     0  startup_stm32f4xx.o(.text)
    DMA1_Stream3_IRQHandler                  0x080001b7   Thumb Code     0  startup_stm32f4xx.o(.text)
    DMA1_Stream4_IRQHandler                  0x080001b7   Thumb Code     0  startup_stm32f4xx.o(.text)
    DMA1_Stream5_IRQHandler                  0x080001b7   Thumb Code     0  startup_stm32f4xx.o(.text)
    DMA1_Stream6_IRQHandler                  0x080001b7   Thumb Code     0  startup_stm32f4xx.o(.text)
    DMA2_Stream0_IRQHandler                  0x080001b7   Thumb Code     0  startup_stm32f4xx.o(.text)
    DMA2_Stream1_IRQHandler                  0x080001b7   Thumb Code     0  startup_stm32f4xx.o(.text)
    DMA2_Stream2_IRQHandler                  0x080001b7   Thumb Code     0  startup_stm32f4xx.o(.text)
    DMA2_Stream3_IRQHandler                  0x080001b7   Thumb Code     0  startup_stm32f4xx.o(.text)
    DMA2_Stream4_IRQHandler                  0x080001b7   Thumb Code     0  startup_stm32f4xx.o(.text)
    DMA2_Stream5_IRQHandler                  0x080001b7   Thumb Code     0  startup_stm32f4xx.o(.text)
    DMA2_Stream6_IRQHandler                  0x080001b7   Thumb Code     0  startup_stm32f4xx.o(.text)
    DMA2_Stream7_IRQHandler                  0x080001b7   Thumb Code     0  startup_stm32f4xx.o(.text)
    ETH_IRQHandler                           0x080001b7   Thumb Code     0  startup_stm32f4xx.o(.text)
    ETH_WKUP_IRQHandler                      0x080001b7   Thumb Code     0  startup_stm32f4xx.o(.text)
    EXTI15_10_IRQHandler                     0x080001b7   Thumb Code     0  startup_stm32f4xx.o(.text)
    EXTI2_IRQHandler                         0x080001b7   Thumb Code     0  startup_stm32f4xx.o(.text)
    EXTI3_IRQHandler                         0x080001b7   Thumb Code     0  startup_stm32f4xx.o(.text)
    EXTI4_IRQHandler                         0x080001b7   Thumb Code     0  startup_stm32f4xx.o(.text)
    EXTI9_5_IRQHandler                       0x080001b7   Thumb Code     0  startup_stm32f4xx.o(.text)
    FLASH_IRQHandler                         0x080001b7   Thumb Code     0  startup_stm32f4xx.o(.text)
    FPU_IRQHandler                           0x080001b7   Thumb Code     0  startup_stm32f4xx.o(.text)
    FSMC_IRQHandler                          0x080001b7   Thumb Code     0  startup_stm32f4xx.o(.text)
    HASH_RNG_IRQHandler                      0x080001b7   Thumb Code     0  startup_stm32f4xx.o(.text)
    I2C1_ER_IRQHandler                       0x080001b7   Thumb Code     0  startup_stm32f4xx.o(.text)
    I2C1_EV_IRQHandler                       0x080001b7   Thumb Code     0  startup_stm32f4xx.o(.text)
    I2C2_ER_IRQHandler                       0x080001b7   Thumb Code     0  startup_stm32f4xx.o(.text)
    I2C2_EV_IRQHandler                       0x080001b7   Thumb Code     0  startup_stm32f4xx.o(.text)
    I2C3_ER_IRQHandler                       0x080001b7   Thumb Code     0  startup_stm32f4xx.o(.text)
    I2C3_EV_IRQHandler                       0x080001b7   Thumb Code     0  startup_stm32f4xx.o(.text)
    OTG_FS_IRQHandler                        0x080001b7   Thumb Code     0  startup_stm32f4xx.o(.text)
    OTG_FS_WKUP_IRQHandler                   0x080001b7   Thumb Code     0  startup_stm32f4xx.o(.text)
    OTG_HS_EP1_IN_IRQHandler                 0x080001b7   Thumb Code     0  startup_stm32f4xx.o(.text)
    OTG_HS_EP1_OUT_IRQHandler                0x080001b7   Thumb Code     0  startup_stm32f4xx.o(.text)
    OTG_HS_IRQHandler                        0x080001b7   Thumb Code     0  startup_stm32f4xx.o(.text)
    OTG_HS_WKUP_IRQHandler                   0x080001b7   Thumb Code     0  startup_stm32f4xx.o(.text)
    PVD_IRQHandler                           0x080001b7   Thumb Code     0  startup_stm32f4xx.o(.text)
    RCC_IRQHandler                           0x080001b7   Thumb Code     0  startup_stm32f4xx.o(.text)
    RTC_Alarm_IRQHandler                     0x080001b7   Thumb Code     0  startup_stm32f4xx.o(.text)
    RTC_WKUP_IRQHandler                      0x080001b7   Thumb Code     0  startup_stm32f4xx.o(.text)
    SDIO_IRQHandler                          0x080001b7   Thumb Code     0  startup_stm32f4xx.o(.text)
    SPI1_IRQHandler                          0x080001b7   Thumb Code     0  startup_stm32f4xx.o(.text)
    TAMP_STAMP_IRQHandler                    0x080001b7   Thumb Code     0  startup_stm32f4xx.o(.text)
    TIM1_BRK_TIM9_IRQHandler                 0x080001b7   Thumb Code     0  startup_stm32f4xx.o(.text)
    TIM1_CC_IRQHandler                       0x080001b7   Thumb Code     0  startup_stm32f4xx.o(.text)
    TIM1_TRG_COM_TIM11_IRQHandler            0x080001b7   Thumb Code     0  startup_stm32f4xx.o(.text)
    TIM1_UP_TIM10_IRQHandler                 0x080001b7   Thumb Code     0  startup_stm32f4xx.o(.text)
    TIM2_IRQHandler                          0x080001b7   Thumb Code     0  startup_stm32f4xx.o(.text)
    TIM3_IRQHandler                          0x080001b7   Thumb Code     0  startup_stm32f4xx.o(.text)
    TIM4_IRQHandler                          0x080001b7   Thumb Code     0  startup_stm32f4xx.o(.text)
    TIM5_IRQHandler                          0x080001b7   Thumb Code     0  startup_stm32f4xx.o(.text)
    TIM6_DAC_IRQHandler                      0x080001b7   Thumb Code     0  startup_stm32f4xx.o(.text)
    TIM7_IRQHandler                          0x080001b7   Thumb Code     0  startup_stm32f4xx.o(.text)
    TIM8_BRK_TIM12_IRQHandler                0x080001b7   Thumb Code     0  startup_stm32f4xx.o(.text)
    TIM8_CC_IRQHandler                       0x080001b7   Thumb Code     0  startup_stm32f4xx.o(.text)
    TIM8_TRG_COM_TIM14_IRQHandler            0x080001b7   Thumb Code     0  startup_stm32f4xx.o(.text)
    TIM8_UP_TIM13_IRQHandler                 0x080001b7   Thumb Code     0  startup_stm32f4xx.o(.text)
    UART4_IRQHandler                         0x080001b7   Thumb Code     0  startup_stm32f4xx.o(.text)
    UART5_IRQHandler                         0x080001b7   Thumb Code     0  startup_stm32f4xx.o(.text)
    USART1_IRQHandler                        0x080001b7   Thumb Code     0  startup_stm32f4xx.o(.text)
    USART3_IRQHandler                        0x080001b7   Thumb Code     0  startup_stm32f4xx.o(.text)
    USART6_IRQHandler                        0x080001b7   Thumb Code     0  startup_stm32f4xx.o(.text)
    WWDG_IRQHandler                          0x080001b7   Thumb Code     0  startup_stm32f4xx.o(.text)
    PDM_Filter_Init                          0x080001c1   Thumb Code   222  pdm_filter.o(.text)
    PDM_Filter_64_LSB                        0x0800029f   Thumb Code   660  pdm_filter.o(.text)
    PDM_Filter_80_LSB                        0x08000533   Thumb Code   692  pdm_filter.o(.text)
    PDM_Filter_64_MSB                        0x080007e7   Thumb Code   658  pdm_filter.o(.text)
    PDM_Filter_80_MSB                        0x08000a79   Thumb Code   830  pdm_filter.o(.text)
    arm_fir_fast_q15                         0x08000dbd   Thumb Code   478  arm_fir_fast_q15.o(.text)
    arm_fir_init_q15                         0x08000f9b   Thumb Code    46  arm_fir_init_q15.o(.text)
    arm_copy_q15                             0x08000fc9   Thumb Code   126  arm_copy_q15.o(.text)
    __aeabi_memset                           0x08001047   Thumb Code    14  memseta.o(.text)
    __aeabi_memset4                          0x08001047   Thumb Code     0  memseta.o(.text)
    __aeabi_memset8                          0x08001047   Thumb Code     0  memseta.o(.text)
    __aeabi_memclr                           0x08001055   Thumb Code     4  memseta.o(.text)
    __aeabi_memclr4                          0x08001055   Thumb Code     0  memseta.o(.text)
    __aeabi_memclr8                          0x08001055   Thumb Code     0  memseta.o(.text)
    _memset$wrapper                          0x08001059   Thumb Code    18  memseta.o(.text)
    __ARM_scalbnf                            0x0800106b   Thumb Code    24  fscalb.o(.text)
    scalbnf                                  0x0800106b   Thumb Code     0  fscalb.o(.text)
    __aeabi_dadd                             0x08001083   Thumb Code   322  dadd.o(.text)
    __aeabi_dsub                             0x080011c5   Thumb Code     6  dadd.o(.text)
    __aeabi_drsub                            0x080011cb   Thumb Code     6  dadd.o(.text)
    __aeabi_dmul                             0x080011d1   Thumb Code   228  dmul.o(.text)
    __aeabi_ddiv                             0x080012b5   Thumb Code   222  ddiv.o(.text)
    __aeabi_i2d                              0x08001393   Thumb Code    34  dflti.o(.text)
    __aeabi_ui2d                             0x080013b5   Thumb Code    26  dfltui.o(.text)
    __aeabi_d2iz                             0x080013cf   Thumb Code    62  dfixi.o(.text)
    __aeabi_d2uiz                            0x0800140d   Thumb Code    50  dfixui.o(.text)
    __aeabi_f2d                              0x0800143f   Thumb Code    38  f2d.o(.text)
    __aeabi_cdcmpeq                          0x08001465   Thumb Code     0  cdcmple.o(.text)
    __aeabi_cdcmple                          0x08001465   Thumb Code    48  cdcmple.o(.text)
    __aeabi_llsl                             0x08001495   Thumb Code    30  llshl.o(.text)
    _ll_shift_l                              0x08001495   Thumb Code     0  llshl.o(.text)
    __aeabi_llsr                             0x080014b3   Thumb Code    32  llushr.o(.text)
    _ll_ushift_r                             0x080014b3   Thumb Code     0  llushr.o(.text)
    __aeabi_lasr                             0x080014d3   Thumb Code    36  llsshr.o(.text)
    _ll_sshift_r                             0x080014d3   Thumb Code     0  llsshr.o(.text)
    __I$use$fp                               0x080014f7   Thumb Code     0  iusefp.o(.text)
    _double_round                            0x080014f7   Thumb Code    30  depilogue.o(.text)
    _double_epilogue                         0x08001515   Thumb Code   156  depilogue.o(.text)
    _drnd                                    0x080015b1   Thumb Code   132  drnd.o(.text)
    __aeabi_cdrcmple                         0x08001639   Thumb Code    48  cdrcmple.o(.text)
    __scatterload                            0x08001669   Thumb Code    28  init.o(.text)
    __scatterload_rt2                        0x08001669   Thumb Code     0  init.o(.text)
    __decompress                             0x0800168d   Thumb Code     0  __dczerorl2.o(.text)
    __decompress1                            0x0800168d   Thumb Code    86  __dczerorl2.o(.text)
    Accelerometer_GetData                    0x080016e3   Thumb Code    30  main.o(i.Accelerometer_GetData)
    Audio_MAL_Play                           0x080017a5   Thumb Code    86  stm32f4_discovery_audio_codec.o(i.Audio_MAL_Play)
    BusFault_Handler                         0x0800180d   Thumb Code     2  stm32f4xx_it.o(i.BusFault_Handler)
    DAC_Cmd                                  0x08001ab1   Thumb Code    24  stm32f4xx_dac.o(i.DAC_Cmd)
    DAC_Init                                 0x08001acd   Thumb Code    48  stm32f4xx_dac.o(i.DAC_Init)
    DAC_SetChannel1Data                      0x08001b01   Thumb Code    22  stm32f4xx_dac.o(i.DAC_SetChannel1Data)
    DMA1_Stream0_IRQHandler                  0x08001b17   Thumb Code     4  stm32f4_discovery_audio_codec.o(i.DMA1_Stream0_IRQHandler)
    DMA1_Stream7_IRQHandler                  0x08001b1b   Thumb Code     4  stm32f4_discovery_audio_codec.o(i.DMA1_Stream7_IRQHandler)
    DMA_ClearFlag                            0x08001b21   Thumb Code    28  stm32f4xx_dma.o(i.DMA_ClearFlag)
    DMA_Cmd                                  0x08001b4d   Thumb Code    18  stm32f4xx_dma.o(i.DMA_Cmd)
    DMA_DeInit                               0x08001b61   Thumb Code   298  stm32f4xx_dma.o(i.DMA_DeInit)
    DMA_GetCmdStatus                         0x08001ce5   Thumb Code    16  stm32f4xx_dma.o(i.DMA_GetCmdStatus)
    DMA_GetFlagStatus                        0x08001cf5   Thumb Code    36  stm32f4xx_dma.o(i.DMA_GetFlagStatus)
    DMA_ITConfig                             0x08001d29   Thumb Code    64  stm32f4xx_dma.o(i.DMA_ITConfig)
    DMA_Init                                 0x08001d69   Thumb Code   116  stm32f4xx_dma.o(i.DMA_Init)
    DebugMon_Handler                         0x08001de1   Thumb Code     2  stm32f4xx_it.o(i.DebugMon_Handler)
    EVAL_AUDIO_GetSampleCallBack             0x08001de3   Thumb Code     4  headphone.o(i.EVAL_AUDIO_GetSampleCallBack)
    EVAL_AUDIO_Init                          0x08001de9   Thumb Code   964  stm32f4_discovery_audio_codec.o(i.EVAL_AUDIO_Init)
    EVAL_AUDIO_SetAudioInterface             0x080021d5   Thumb Code   110  stm32f4_discovery_audio_codec.o(i.EVAL_AUDIO_SetAudioInterface)
    EVAL_AUDIO_TransferComplete_CallBack     0x0800226d   Thumb Code    34  headphone.o(i.EVAL_AUDIO_TransferComplete_CallBack)
    EXTI0_IRQHandler                         0x0800229d   Thumb Code    66  stm32f4xx_it.o(i.EXTI0_IRQHandler)
    EXTI1_IRQHandler                         0x080022e9   Thumb Code    30  stm32f4xx_it.o(i.EXTI1_IRQHandler)
    EXTI_ClearITPendingBit                   0x08002309   Thumb Code     6  stm32f4xx_exti.o(i.EXTI_ClearITPendingBit)
    EXTI_GetITStatus                         0x08002315   Thumb Code    24  stm32f4xx_exti.o(i.EXTI_GetITStatus)
    EXTI_Init                                0x08002335   Thumb Code   134  stm32f4xx_exti.o(i.EXTI_Init)
    GPIO_Init                                0x080023c5   Thumb Code   154  stm32f4xx_gpio.o(i.GPIO_Init)
    GPIO_PinAFConfig                         0x0800245f   Thumb Code    34  stm32f4xx_gpio.o(i.GPIO_PinAFConfig)
    GPIO_ResetBits                           0x08002481   Thumb Code     4  stm32f4xx_gpio.o(i.GPIO_ResetBits)
    GPIO_SetBits                             0x08002485   Thumb Code     4  stm32f4xx_gpio.o(i.GPIO_SetBits)
    GPIO_WriteBit                            0x08002489   Thumb Code    10  stm32f4xx_gpio.o(i.GPIO_WriteBit)
    HardFault_Handler                        0x08002493   Thumb Code     2  stm32f4xx_it.o(i.HardFault_Handler)
    I2C_AcknowledgeConfig                    0x08002495   Thumb Code    18  stm32f4xx_i2c.o(i.I2C_AcknowledgeConfig)
    I2C_CheckEvent                           0x080024a7   Thumb Code    26  stm32f4xx_i2c.o(i.I2C_CheckEvent)
    I2C_ClearFlag                            0x080024c1   Thumb Code     6  stm32f4xx_i2c.o(i.I2C_ClearFlag)
    I2C_Cmd                                  0x080024c7   Thumb Code    18  stm32f4xx_i2c.o(i.I2C_Cmd)
    I2C_DeInit                               0x080024d9   Thumb Code   100  stm32f4xx_i2c.o(i.I2C_DeInit)
    I2C_GenerateSTART                        0x0800253d   Thumb Code    18  stm32f4xx_i2c.o(i.I2C_GenerateSTART)
    I2C_GenerateSTOP                         0x0800254f   Thumb Code    18  stm32f4xx_i2c.o(i.I2C_GenerateSTOP)
    I2C_GetFlagStatus                        0x08002561   Thumb Code    42  stm32f4xx_i2c.o(i.I2C_GetFlagStatus)
    I2C_Init                                 0x0800258d   Thumb Code   188  stm32f4xx_i2c.o(i.I2C_Init)
    I2C_ReceiveData                          0x08002651   Thumb Code     6  stm32f4xx_i2c.o(i.I2C_ReceiveData)
    I2C_Send7bitAddress                      0x08002657   Thumb Code    16  stm32f4xx_i2c.o(i.I2C_Send7bitAddress)
    I2C_SendData                             0x08002667   Thumb Code     4  stm32f4xx_i2c.o(i.I2C_SendData)
    I2S_Cmd                                  0x0800266b   Thumb Code    18  stm32f4xx_spi.o(i.I2S_Cmd)
    I2S_Init                                 0x0800267d   Thumb Code   224  stm32f4xx_spi.o(i.I2S_Init)
    MemManage_Handler                        0x08002771   Thumb Code     2  stm32f4xx_it.o(i.MemManage_Handler)
    NMI_Handler                              0x08002773   Thumb Code     2  stm32f4xx_it.o(i.NMI_Handler)
    NVIC_Init                                0x08002775   Thumb Code   106  misc.o(i.NVIC_Init)
    NVIC_PriorityGroupConfig                 0x080027e5   Thumb Code    14  misc.o(i.NVIC_PriorityGroupConfig)
    PendSV_Handler                           0x080027f9   Thumb Code     2  stm32f4xx_it.o(i.PendSV_Handler)
    RCC_AHB1PeriphClockCmd                   0x080027fd   Thumb Code    18  stm32f4xx_rcc.o(i.RCC_AHB1PeriphClockCmd)
    RCC_APB1PeriphClockCmd                   0x08002815   Thumb Code    18  stm32f4xx_rcc.o(i.RCC_APB1PeriphClockCmd)
    RCC_APB1PeriphResetCmd                   0x0800282d   Thumb Code    18  stm32f4xx_rcc.o(i.RCC_APB1PeriphResetCmd)
    RCC_APB2PeriphClockCmd                   0x08002845   Thumb Code    18  stm32f4xx_rcc.o(i.RCC_APB2PeriphClockCmd)
    RCC_APB2PeriphResetCmd                   0x0800285d   Thumb Code    18  stm32f4xx_rcc.o(i.RCC_APB2PeriphResetCmd)
    RCC_GetClocksFreq                        0x08002875   Thumb Code   150  stm32f4xx_rcc.o(i.RCC_GetClocksFreq)
    SPI1_GetData                             0x0800291d   Thumb Code   108  main.o(i.SPI1_GetData)
    SPI2_IRQHandler                          0x08002991   Thumb Code    76  microphone.o(i.SPI2_IRQHandler)
    SPI3_IRQHandler                          0x080029ed   Thumb Code    54  stm32f4_discovery_audio_codec.o(i.SPI3_IRQHandler)
    SPI_Cmd                                  0x08002a2d   Thumb Code    18  stm32f4xx_spi.o(i.SPI_Cmd)
    SPI_I2S_DMACmd                           0x08002a3f   Thumb Code    16  stm32f4xx_spi.o(i.SPI_I2S_DMACmd)
    SPI_I2S_DeInit                           0x08002a4f   Thumb Code   100  stm32f4xx_spi.o(i.SPI_I2S_DeInit)
    SPI_I2S_GetFlagStatus                    0x08002ab3   Thumb Code    14  stm32f4xx_spi.o(i.SPI_I2S_GetFlagStatus)
    SPI_I2S_GetITStatus                      0x08002ac1   Thumb Code    46  stm32f4xx_spi.o(i.SPI_I2S_GetITStatus)
    SPI_I2S_ITConfig                         0x08002aef   Thumb Code    26  stm32f4xx_spi.o(i.SPI_I2S_ITConfig)
    SPI_I2S_ReceiveData                      0x08002b09   Thumb Code     4  stm32f4xx_spi.o(i.SPI_I2S_ReceiveData)
    SPI_I2S_SendData                         0x08002b0d   Thumb Code     4  stm32f4xx_spi.o(i.SPI_I2S_SendData)
    SPI_Init                                 0x08002b11   Thumb Code    84  stm32f4xx_spi.o(i.SPI_Init)
    STM_EVAL_LEDInit                         0x08002b65   Thumb Code    64  stm32f4_discovery.o(i.STM_EVAL_LEDInit)
    STM_EVAL_LEDOff                          0x08002bb1   Thumb Code    16  stm32f4_discovery.o(i.STM_EVAL_LEDOff)
    STM_EVAL_LEDOn                           0x08002bc9   Thumb Code    16  stm32f4_discovery.o(i.STM_EVAL_LEDOn)
    STM_EVAL_LEDToggle                       0x08002be1   Thumb Code    20  stm32f4_discovery.o(i.STM_EVAL_LEDToggle)
    STM_EVAL_PBInit                          0x08002bfd   Thumb Code   140  stm32f4_discovery.o(i.STM_EVAL_PBInit)
    SVC_Handler                              0x08002ca1   Thumb Code     2  stm32f4xx_it.o(i.SVC_Handler)
    SYSCFG_EXTILineConfig                    0x08002ca3   Thumb Code    46  stm32f4xx_syscfg.o(i.SYSCFG_EXTILineConfig)
    SysTick_Handler                          0x08002cd1   Thumb Code   214  stm32f4xx_it.o(i.SysTick_Handler)
    SystemInit                               0x08002db1   Thumb Code   254  system_stm32f4xx.o(i.SystemInit)
    USART2_IRQHandler                        0x08002edd   Thumb Code     2  main.o(i.USART2_IRQHandler)
    USART_Cmd                                0x08002edf   Thumb Code    18  stm32f4xx_usart.o(i.USART_Cmd)
    USART_ITConfig                           0x08002ef1   Thumb Code    48  stm32f4xx_usart.o(i.USART_ITConfig)
    USART_Init                               0x08002f21   Thumb Code   180  stm32f4xx_usart.o(i.USART_Init)
    UsageFault_Handler                       0x08002fd9   Thumb Code     2  stm32f4xx_it.o(i.UsageFault_Handler)
    WavePlayBack                             0x08002fe1   Thumb Code   408  headphone.o(i.WavePlayBack)
    WaveRecorderBeginSampling                0x080031cd   Thumb Code    56  microphone.o(i.WaveRecorderBeginSampling)
    WaveRecorderCallback                     0x08003211   Thumb Code   118  headphone.o(i.WaveRecorderCallback)
    WaveRecorderInit                         0x08003291   Thumb Code   274  microphone.o(i.WaveRecorderInit)
    __ARM_fpclassify                         0x080033c5   Thumb Code    48  fpclassify.o(i.__ARM_fpclassify)
    __hardfp_round                           0x080033f9   Thumb Code   194  round.o(i.__hardfp_round)
    __hardfp_sin                             0x080034d9   Thumb Code   180  sin.o(i.__hardfp_sin)
    __ieee754_rem_pio2                       0x080035a1   Thumb Code   938  rred.o(i.__ieee754_rem_pio2)
    __kernel_cos                             0x080039d9   Thumb Code   322  cos_i.o(i.__kernel_cos)
    __kernel_poly                            0x08003b49   Thumb Code   248  poly.o(i.__kernel_poly)
    __kernel_sin                             0x08003c41   Thumb Code   280  sin_i.o(i.__kernel_sin)
    __mathlib_dbl_infnan                     0x08003d71   Thumb Code    20  dunder.o(i.__mathlib_dbl_infnan)
    __mathlib_dbl_invalid                    0x08003d89   Thumb Code    24  dunder.o(i.__mathlib_dbl_invalid)
    __mathlib_dbl_underflow                  0x08003da9   Thumb Code    24  dunder.o(i.__mathlib_dbl_underflow)
    __scatterload_copy                       0x08003dc9   Thumb Code    14  handlers.o(i.__scatterload_copy)
    __scatterload_null                       0x08003dd7   Thumb Code     2  handlers.o(i.__scatterload_null)
    __scatterload_zeroinit                   0x08003dd9   Thumb Code    14  handlers.o(i.__scatterload_zeroinit)
    __set_errno                              0x08003de9   Thumb Code     6  errno.o(i.__set_errno)
    dsp                                      0x08003df5   Thumb Code   126  dsp.o(i.dsp)
    fabs                                     0x08003e8d   Thumb Code    24  fabs.o(i.fabs)
    main                                     0x08003fd9   Thumb Code   526  main.o(i.main)
    music2                                   0x08004200   Data         156  headphone.o(.constdata)
    BUTTON_PORT_SOURCE                       0x0800429c   Data           1  stm32f4_discovery.o(.constdata)
    BUTTON_PIN_SOURCE                        0x0800429d   Data           1  stm32f4_discovery.o(.constdata)
    BUTTON_IRQn                              0x0800429e   Data           1  stm32f4_discovery.o(.constdata)
    BUTTON_PIN                               0x080042a0   Data           2  stm32f4_discovery.o(.constdata)
    BUTTON_EXTI_LINE                         0x080042a2   Data           2  stm32f4_discovery.o(.constdata)
    BUTTON_CLK                               0x080042a4   Data           4  stm32f4_discovery.o(.constdata)
    GPIO_PIN                                 0x080042a8   Data           8  stm32f4_discovery.o(.constdata)
    GPIO_CLK                                 0x080042b0   Data          16  stm32f4_discovery.o(.constdata)
    Region$$Table$$Base                      0x080043e0   Number         0  anon$$obj.o(Region$$Table)
    Region$$Table$$Limit                     0x08004400   Number         0  anon$$obj.o(Region$$Table)
    user_mode                                0x20000000   Data           4  main.o(.data)
    LED_Toggle                               0x20000004   Data           1  stm32f4xx_it.o(.data)
    msec_counter                             0x2000000c   Data           4  stm32f4xx_it.o(.data)
    currentNote                              0x20000012   Data           1  headphone.o(.data)
    currentKey                               0x20000013   Data           1  headphone.o(.data)
    waveCount                                0x20000014   Data           1  headphone.o(.data)
    currentIndex                             0x20000015   Data           1  headphone.o(.data)
    accelerometer                            0x2000001a   Data           3  headphone.o(.data)
    mode                                     0x20000020   Data           4  headphone.o(.data)
    scale                                    0x20000028   Data           8  headphone.o(.data)
    freq                                     0x20000030   Data         208  headphone.o(.data)
    AudioRecBitRes                           0x20000104   Data           4  microphone.o(.data)
    AudioRecChnlNbr                          0x20000108   Data           4  microphone.o(.data)
    AudioRecCurrSize                         0x2000010c   Data           4  microphone.o(.data)
    pAudioRecBuf                             0x20000114   Data           4  microphone.o(.data)
    firstStart                               0x20000118   Data           1  dsp.o(.data)
    old_user_mode                            0x2000011c   Data           4  dsp.o(.data)
    fir_coeffs_lp                            0x20000120   Data         112  dsp.o(.data)
    fir_coeffs_hp                            0x20000190   Data         112  dsp.o(.data)
    BUTTON_PORT                              0x20000200   Data           4  stm32f4_discovery.o(.data)
    GPIO_PORT                                0x20000204   Data          16  stm32f4_discovery.o(.data)
    OutputDev                                0x20000214   Data           1  stm32f4_discovery_audio_codec.o(.data)
    AudioTotalSize                           0x20000218   Data           4  stm32f4_discovery_audio_codec.o(.data)
    AudioRemSize                             0x2000021c   Data           4  stm32f4_discovery_audio_codec.o(.data)
    CODECTimeout                             0x20000220   Data           4  stm32f4_discovery_audio_codec.o(.data)
    CurrAudioInterface                       0x20000224   Data           4  stm32f4_discovery_audio_codec.o(.data)
    AUDIO_MAL_DMA_CLOCK                      0x20000228   Data           4  stm32f4_discovery_audio_codec.o(.data)
    AUDIO_MAL_DMA_STREAM                     0x2000022c   Data           4  stm32f4_discovery_audio_codec.o(.data)
    AUDIO_MAL_DMA_DREG                       0x20000230   Data           4  stm32f4_discovery_audio_codec.o(.data)
    AUDIO_MAL_DMA_CHANNEL                    0x20000234   Data           4  stm32f4_discovery_audio_codec.o(.data)
    AUDIO_MAL_DMA_IRQ                        0x20000238   Data           4  stm32f4_discovery_audio_codec.o(.data)
    AUDIO_MAL_DMA_FLAG_TC                    0x2000023c   Data           4  stm32f4_discovery_audio_codec.o(.data)
    AUDIO_MAL_DMA_FLAG_HT                    0x20000240   Data           4  stm32f4_discovery_audio_codec.o(.data)
    AUDIO_MAL_DMA_FLAG_FE                    0x20000244   Data           4  stm32f4_discovery_audio_codec.o(.data)
    AUDIO_MAL_DMA_FLAG_TE                    0x20000248   Data           4  stm32f4_discovery_audio_codec.o(.data)
    AUDIO_MAL_DMA_FLAG_DME                   0x2000024c   Data           4  stm32f4_discovery_audio_codec.o(.data)
    CurrentPos                               0x20000250   Data           4  stm32f4_discovery_audio_codec.o(.data)
    stm32_crc                                0x20000264   Data           4  pdm_filter.o(.data)
    T0                                       0x20000268   Data         256  pdm_filter.o(.data)
    T1                                       0x20000368   Data         256  pdm_filter.o(.data)
    T2                                       0x20000468   Data         256  pdm_filter.o(.data)
    RCC_Clocks                               0x2000056c   Data          16  main.o(.bss)
    wav                                      0x20002180   Data       81920  headphone.o(.bss)
    sampleSize                               0x20016180   Data         320  headphone.o(.bss)
    Filter                                   0x200162c0   Data          52  microphone.o(.bss)
    RecBuf                                   0x200162f4   Data          32  microphone.o(.bss)
    FIR                                      0x20016394   Data          12  dsp.o(.bss)
    outSignal                                0x200163a0   Data        1024  dsp.o(.bss)
    fir_state                                0x200167a0   Data        1136  dsp.o(.bss)
    DMA_InitStructure                        0x20016c10   Data          60  stm32f4_discovery_audio_codec.o(.bss)
    __initial_sp                             0x20017050   Data           0  startup_stm32f4xx.o(STACK)



==============================================================================

Memory Map of the image

  Image Entry point : 0x08000189

  Load Region LR_IROM1 (Base: 0x08000000, Size: 0x0000496c, Max: 0x00100000, ABSOLUTE, COMPRESSED[0x00004790])

    Execution Region ER_IROM1 (Base: 0x08000000, Size: 0x00004400, Max: 0x00100000, ABSOLUTE)

    Base Addr    Size         Type   Attr      Idx    E Section Name        Object

    0x08000000   0x00000188   Data   RO         1974    RESET               startup_stm32f4xx.o
    0x08000188   0x00000000   Code   RO         2071  * .ARM.Collect$$$$00000000  mc_w.l(entry.o)
    0x08000188   0x00000004   Code   RO         2124    .ARM.Collect$$$$00000001  mc_w.l(entry2.o)
    0x0800018c   0x00000004   Code   RO         2127    .ARM.Collect$$$$00000004  mc_w.l(entry5.o)
    0x08000190   0x00000000   Code   RO         2129    .ARM.Collect$$$$00000008  mc_w.l(entry7b.o)
    0x08000190   0x00000000   Code   RO         2131    .ARM.Collect$$$$0000000A  mc_w.l(entry8b.o)
    0x08000190   0x00000008   Code   RO         2132    .ARM.Collect$$$$0000000B  mc_w.l(entry9a.o)
    0x08000198   0x00000000   Code   RO         2134    .ARM.Collect$$$$0000000D  mc_w.l(entry10a.o)
    0x08000198   0x00000000   Code   RO         2136    .ARM.Collect$$$$0000000F  mc_w.l(entry11a.o)
    0x08000198   0x00000004   Code   RO         2125    .ARM.Collect$$$$00002712  mc_w.l(entry2.o)
    0x0800019c   0x00000024   Code   RO         1975    .text               startup_stm32f4xx.o
    0x080001c0   0x00000bfc   Code   RO         1979    .text               libPDMFilter_Keil.lib(pdm_filter.o)
    0x08000dbc   0x000001de   Code   RO         1983    .text               arm_cortexM4lf_math.lib(arm_fir_fast_q15.o)
    0x08000f9a   0x0000002e   Code   RO         2024    .text               arm_cortexM4lf_math.lib(arm_fir_init_q15.o)
    0x08000fc8   0x0000007e   Code   RO         2040    .text               arm_cortexM4lf_math.lib(arm_copy_q15.o)
    0x08001046   0x00000024   Code   RO         2074    .text               mc_w.l(memseta.o)
    0x0800106a   0x00000018   Code   RO         2076    .text               mf_w.l(fscalb.o)
    0x08001082   0x0000014e   Code   RO         2078    .text               mf_w.l(dadd.o)
    0x080011d0   0x000000e4   Code   RO         2080    .text               mf_w.l(dmul.o)
    0x080012b4   0x000000de   Code   RO         2082    .text               mf_w.l(ddiv.o)
    0x08001392   0x00000022   Code   RO         2084    .text               mf_w.l(dflti.o)
    0x080013b4   0x0000001a   Code   RO         2086    .text               mf_w.l(dfltui.o)
    0x080013ce   0x0000003e   Code   RO         2088    .text               mf_w.l(dfixi.o)
    0x0800140c   0x00000032   Code   RO         2090    .text               mf_w.l(dfixui.o)
    0x0800143e   0x00000026   Code   RO         2092    .text               mf_w.l(f2d.o)
    0x08001464   0x00000030   Code   RO         2094    .text               mf_w.l(cdcmple.o)
    0x08001494   0x0000001e   Code   RO         2138    .text               mc_w.l(llshl.o)
    0x080014b2   0x00000020   Code   RO         2140    .text               mc_w.l(llushr.o)
    0x080014d2   0x00000024   Code   RO         2142    .text               mc_w.l(llsshr.o)
    0x080014f6   0x00000000   Code   RO         2151    .text               mc_w.l(iusefp.o)
    0x080014f6   0x000000ba   Code   RO         2152    .text               mf_w.l(depilogue.o)
    0x080015b0   0x00000088   Code   RO         2156    .text               mf_w.l(drnd.o)
    0x08001638   0x00000030   Code   RO         2158    .text               mf_w.l(cdrcmple.o)
    0x08001668   0x00000024   Code   RO         2170    .text               mc_w.l(init.o)
    0x0800168c   0x00000056   Code   RO         2180    .text               mc_w.l(__dczerorl2.o)
    0x080016e2   0x0000001e   Code   RO            2    i.Accelerometer_GetData  main.o
    0x08001700   0x000000a4   Code   RO          506    i.Audio_MAL_IRQHandler  stm32f4_discovery_audio_codec.o
    0x080017a4   0x00000068   Code   RO          507    i.Audio_MAL_Play    stm32f4_discovery_audio_codec.o
    0x0800180c   0x00000002   Code   RO          193    i.BusFault_Handler  stm32f4xx_it.o
    0x0800180e   0x00000002   PAD
    0x08001810   0x000002a0   Code   RO          509    i.Codec_WriteRegister  stm32f4_discovery_audio_codec.o
    0x08001ab0   0x0000001c   Code   RO          701    i.DAC_Cmd           stm32f4xx_dac.o
    0x08001acc   0x00000034   Code   RO          709    i.DAC_Init          stm32f4xx_dac.o
    0x08001b00   0x00000016   Code   RO          710    i.DAC_SetChannel1Data  stm32f4xx_dac.o
    0x08001b16   0x00000004   Code   RO          511    i.DMA1_Stream0_IRQHandler  stm32f4_discovery_audio_codec.o
    0x08001b1a   0x00000004   Code   RO          512    i.DMA1_Stream7_IRQHandler  stm32f4_discovery_audio_codec.o
    0x08001b1e   0x00000002   PAD
    0x08001b20   0x0000002c   Code   RO          811    i.DMA_ClearFlag     stm32f4xx_dma.o
    0x08001b4c   0x00000012   Code   RO          813    i.DMA_Cmd           stm32f4xx_dma.o
    0x08001b5e   0x00000002   PAD
    0x08001b60   0x00000184   Code   RO          814    i.DMA_DeInit        stm32f4xx_dma.o
    0x08001ce4   0x00000010   Code   RO          818    i.DMA_GetCmdStatus  stm32f4xx_dma.o
    0x08001cf4   0x00000034   Code   RO          822    i.DMA_GetFlagStatus  stm32f4xx_dma.o
    0x08001d28   0x00000040   Code   RO          824    i.DMA_ITConfig      stm32f4xx_dma.o
    0x08001d68   0x00000078   Code   RO          825    i.DMA_Init          stm32f4xx_dma.o
    0x08001de0   0x00000002   Code   RO          194    i.DebugMon_Handler  stm32f4xx_it.o
    0x08001de2   0x00000004   Code   RO          306    i.EVAL_AUDIO_GetSampleCallBack  headphone.o
    0x08001de6   0x00000002   PAD
    0x08001de8   0x000003ec   Code   RO          514    i.EVAL_AUDIO_Init   stm32f4_discovery_audio_codec.o
    0x080021d4   0x00000098   Code   RO          518    i.EVAL_AUDIO_SetAudioInterface  stm32f4_discovery_audio_codec.o
    0x0800226c   0x00000030   Code   RO          308    i.EVAL_AUDIO_TransferComplete_CallBack  headphone.o
    0x0800229c   0x0000004c   Code   RO          195    i.EXTI0_IRQHandler  stm32f4xx_it.o
    0x080022e8   0x0000001e   Code   RO          196    i.EXTI1_IRQHandler  stm32f4xx_it.o
    0x08002306   0x00000002   PAD
    0x08002308   0x0000000c   Code   RO         1674    i.EXTI_ClearITPendingBit  stm32f4xx_exti.o
    0x08002314   0x00000020   Code   RO         1678    i.EXTI_GetITStatus  stm32f4xx_exti.o
    0x08002334   0x00000090   Code   RO         1679    i.EXTI_Init         stm32f4xx_exti.o
    0x080023c4   0x0000009a   Code   RO          936    i.GPIO_Init         stm32f4xx_gpio.o
    0x0800245e   0x00000022   Code   RO          937    i.GPIO_PinAFConfig  stm32f4xx_gpio.o
    0x08002480   0x00000004   Code   RO          943    i.GPIO_ResetBits    stm32f4xx_gpio.o
    0x08002484   0x00000004   Code   RO          944    i.GPIO_SetBits      stm32f4xx_gpio.o
    0x08002488   0x0000000a   Code   RO          948    i.GPIO_WriteBit     stm32f4xx_gpio.o
    0x08002492   0x00000002   Code   RO          197    i.HardFault_Handler  stm32f4xx_it.o
    0x08002494   0x00000012   Code   RO         1030    i.I2C_AcknowledgeConfig  stm32f4xx_i2c.o
    0x080024a6   0x0000001a   Code   RO         1032    i.I2C_CheckEvent    stm32f4xx_i2c.o
    0x080024c0   0x00000006   Code   RO         1033    i.I2C_ClearFlag     stm32f4xx_i2c.o
    0x080024c6   0x00000012   Code   RO         1035    i.I2C_Cmd           stm32f4xx_i2c.o
    0x080024d8   0x00000064   Code   RO         1038    i.I2C_DeInit        stm32f4xx_i2c.o
    0x0800253c   0x00000012   Code   RO         1042    i.I2C_GenerateSTART  stm32f4xx_i2c.o
    0x0800254e   0x00000012   Code   RO         1043    i.I2C_GenerateSTOP  stm32f4xx_i2c.o
    0x08002560   0x0000002a   Code   RO         1044    i.I2C_GetFlagStatus  stm32f4xx_i2c.o
    0x0800258a   0x00000002   PAD
    0x0800258c   0x000000c4   Code   RO         1049    i.I2C_Init          stm32f4xx_i2c.o
    0x08002650   0x00000006   Code   RO         1054    i.I2C_ReceiveData   stm32f4xx_i2c.o
    0x08002656   0x00000010   Code   RO         1056    i.I2C_Send7bitAddress  stm32f4xx_i2c.o
    0x08002666   0x00000004   Code   RO         1057    i.I2C_SendData      stm32f4xx_i2c.o
    0x0800266a   0x00000012   Code   RO         1513    i.I2S_Cmd           stm32f4xx_spi.o
    0x0800267c   0x000000f4   Code   RO         1515    i.I2S_Init          stm32f4xx_spi.o
    0x08002770   0x00000002   Code   RO          198    i.MemManage_Handler  stm32f4xx_it.o
    0x08002772   0x00000002   Code   RO          199    i.NMI_Handler       stm32f4xx_it.o
    0x08002774   0x00000070   Code   RO          613    i.NVIC_Init         misc.o
    0x080027e4   0x00000014   Code   RO          614    i.NVIC_PriorityGroupConfig  misc.o
    0x080027f8   0x00000002   Code   RO          200    i.PendSV_Handler    stm32f4xx_it.o
    0x080027fa   0x00000002   PAD
    0x080027fc   0x00000018   Code   RO         1237    i.RCC_AHB1PeriphClockCmd  stm32f4xx_rcc.o
    0x08002814   0x00000018   Code   RO         1246    i.RCC_APB1PeriphClockCmd  stm32f4xx_rcc.o
    0x0800282c   0x00000018   Code   RO         1248    i.RCC_APB1PeriphResetCmd  stm32f4xx_rcc.o
    0x08002844   0x00000018   Code   RO         1249    i.RCC_APB2PeriphClockCmd  stm32f4xx_rcc.o
    0x0800285c   0x00000018   Code   RO         1251    i.RCC_APB2PeriphResetCmd  stm32f4xx_rcc.o
    0x08002874   0x000000a8   Code   RO         1258    i.RCC_GetClocksFreq  stm32f4xx_rcc.o
    0x0800291c   0x00000074   Code   RO            3    i.SPI1_GetData      main.o
    0x08002990   0x0000005c   Code   RO          383    i.SPI2_IRQHandler   microphone.o
    0x080029ec   0x00000040   Code   RO          521    i.SPI3_IRQHandler   stm32f4_discovery_audio_codec.o
    0x08002a2c   0x00000012   Code   RO         1519    i.SPI_Cmd           stm32f4xx_spi.o
    0x08002a3e   0x00000010   Code   RO         1525    i.SPI_I2S_DMACmd    stm32f4xx_spi.o
    0x08002a4e   0x00000064   Code   RO         1526    i.SPI_I2S_DeInit    stm32f4xx_spi.o
    0x08002ab2   0x0000000e   Code   RO         1527    i.SPI_I2S_GetFlagStatus  stm32f4xx_spi.o
    0x08002ac0   0x0000002e   Code   RO         1528    i.SPI_I2S_GetITStatus  stm32f4xx_spi.o
    0x08002aee   0x0000001a   Code   RO         1529    i.SPI_I2S_ITConfig  stm32f4xx_spi.o
    0x08002b08   0x00000004   Code   RO         1530    i.SPI_I2S_ReceiveData  stm32f4xx_spi.o
    0x08002b0c   0x00000004   Code   RO         1531    i.SPI_I2S_SendData  stm32f4xx_spi.o
    0x08002b10   0x00000054   Code   RO         1532    i.SPI_Init          stm32f4xx_spi.o
    0x08002b64   0x0000004c   Code   RO          455    i.STM_EVAL_LEDInit  stm32f4_discovery.o
    0x08002bb0   0x00000018   Code   RO          456    i.STM_EVAL_LEDOff   stm32f4_discovery.o
    0x08002bc8   0x00000018   Code   RO          457    i.STM_EVAL_LEDOn    stm32f4_discovery.o
    0x08002be0   0x0000001c   Code   RO          458    i.STM_EVAL_LEDToggle  stm32f4_discovery.o
    0x08002bfc   0x000000a4   Code   RO          460    i.STM_EVAL_PBInit   stm32f4_discovery.o
    0x08002ca0   0x00000002   Code   RO          201    i.SVC_Handler       stm32f4xx_it.o
    0x08002ca2   0x0000002e   Code   RO          656    i.SYSCFG_EXTILineConfig  stm32f4xx_syscfg.o
    0x08002cd0   0x000000e0   Code   RO          202    i.SysTick_Handler   stm32f4xx_it.o
    0x08002db0   0x0000012c   Code   RO          278    i.SystemInit        system_stm32f4xx.o
    0x08002edc   0x00000002   Code   RO            6    i.USART2_IRQHandler  main.o
    0x08002ede   0x00000012   Code   RO         1793    i.USART_Cmd         stm32f4xx_usart.o
    0x08002ef0   0x00000030   Code   RO         1799    i.USART_ITConfig    stm32f4xx_usart.o
    0x08002f20   0x000000b8   Code   RO         1800    i.USART_Init        stm32f4xx_usart.o
    0x08002fd8   0x00000002   Code   RO          203    i.UsageFault_Handler  stm32f4xx_it.o
    0x08002fda   0x00000006   PAD
    0x08002fe0   0x000001ec   Code   RO          309    i.WavePlayBack      headphone.o
    0x080031cc   0x00000044   Code   RO          384    i.WaveRecorderBeginSampling  microphone.o
    0x08003210   0x00000080   Code   RO          311    i.WaveRecorderCallback  headphone.o
    0x08003290   0x00000134   Code   RO          385    i.WaveRecorderInit  microphone.o
    0x080033c4   0x00000030   Code   RO         2166    i.__ARM_fpclassify  m_wm.l(fpclassify.o)
    0x080033f4   0x00000004   PAD
    0x080033f8   0x000000e0   Code   RO         2055    i.__hardfp_round    m_wm.l(round.o)
    0x080034d8   0x000000c8   Code   RO         2059    i.__hardfp_sin      m_wm.l(sin.o)
    0x080035a0   0x00000438   Code   RO         2113    i.__ieee754_rem_pio2  m_wm.l(rred.o)
    0x080039d8   0x00000170   Code   RO         2096    i.__kernel_cos      m_wm.l(cos_i.o)
    0x08003b48   0x000000f8   Code   RO         2168    i.__kernel_poly     m_wm.l(poly.o)
    0x08003c40   0x00000130   Code   RO         2118    i.__kernel_sin      m_wm.l(sin_i.o)
    0x08003d70   0x00000014   Code   RO         2100    i.__mathlib_dbl_infnan  m_wm.l(dunder.o)
    0x08003d84   0x00000004   PAD
    0x08003d88   0x00000020   Code   RO         2102    i.__mathlib_dbl_invalid  m_wm.l(dunder.o)
    0x08003da8   0x00000020   Code   RO         2105    i.__mathlib_dbl_underflow  m_wm.l(dunder.o)
    0x08003dc8   0x0000000e   Code   RO         2174    i.__scatterload_copy  mc_w.l(handlers.o)
    0x08003dd6   0x00000002   Code   RO         2175    i.__scatterload_null  mc_w.l(handlers.o)
    0x08003dd8   0x0000000e   Code   RO         2176    i.__scatterload_zeroinit  mc_w.l(handlers.o)
    0x08003de6   0x00000002   PAD
    0x08003de8   0x0000000c   Code   RO         2146    i.__set_errno       mc_w.l(errno.o)
    0x08003df4   0x00000098   Code   RO          420    i.dsp               dsp.o
    0x08003e8c   0x00000018   Code   RO         2162    i.fabs              m_wm.l(fabs.o)
    0x08003ea4   0x00000134   Code   RO          312    i.fill_buffer       headphone.o
    0x08003fd8   0x00000228   Code   RO            9    i.main              main.o
    0x08004200   0x0000009c   Data   RO          315    .constdata          headphone.o
    0x0800429c   0x00000024   Data   RO          461    .constdata          stm32f4_discovery.o
    0x080042c0   0x00000030   Data   RO         2097    .constdata          m_wm.l(cos_i.o)
    0x080042f0   0x000000c8   Data   RO         2115    .constdata          m_wm.l(rred.o)
    0x080043b8   0x00000028   Data   RO         2119    .constdata          m_wm.l(sin_i.o)
    0x080043e0   0x00000020   Data   RO         2172    Region$$Table       anon$$obj.o


    Execution Region RW_IRAM1 (Base: 0x20000000, Size: 0x00017050, Max: 0x00020000, ABSOLUTE, COMPRESSED[0x00000390])

    Base Addr    Size         Type   Attr      Idx    E Section Name        Object

    0x20000000   0x00000004   Data   RW           11    .data               main.o
    0x20000004   0x0000000c   Data   RW          204    .data               stm32f4xx_it.o
    0x20000010   0x000000f0   Data   RW          317    .data               headphone.o
    0x20000100   0x00000018   Data   RW          388    .data               microphone.o
    0x20000118   0x000000e8   Data   RW          423    .data               dsp.o
    0x20000200   0x00000014   Data   RW          462    .data               stm32f4_discovery.o
    0x20000214   0x00000040   Data   RW          524    .data               stm32f4_discovery_audio_codec.o
    0x20000254   0x00000010   Data   RW         1281    .data               stm32f4xx_rcc.o
    0x20000264   0x00000304   Data   RW         1980    .data               libPDMFilter_Keil.lib(pdm_filter.o)
    0x20000568   0x00000004   Data   RW         2147    .data               mc_w.l(errno.o)
    0x2000056c   0x00000010   Zero   RW           10    .bss                main.o
    0x2000057c   0x00000004   PAD
    0x20000580   0x00015d40   Zero   RW          313    .bss                headphone.o
    0x200162c0   0x000000d4   Zero   RW          387    .bss                microphone.o
    0x20016394   0x0000087c   Zero   RW          422    .bss                dsp.o
    0x20016c10   0x0000003c   Zero   RW          522    .bss                stm32f4_discovery_audio_codec.o
    0x20016c4c   0x00000004   PAD
    0x20016c50   0x00000400   Zero   RW         1972    STACK               startup_stm32f4xx.o


==============================================================================

Image component sizes


      Code (inc. data)   RO Data    RW Data    ZI Data      Debug   Object Name

       152         26          0        232       2172      12748   dsp.o
       980        130        156        240      89408       5302   headphone.o
       700         34          0          4         16     299515   main.o
       468         62          0         24        212       3880   microphone.o
       132         12          0          0          0       1799   misc.o
        36          8        392          0       1024        928   startup_stm32f4xx.o
       316         60         36         20          0       4510   stm32f4_discovery.o
      2168        158          0         64         60      10486   stm32f4_discovery_audio_codec.o
       102          8          0          0          0       2763   stm32f4xx_dac.o
       702        126          0          0          0       7164   stm32f4xx_dma.o
       188         24          0          0          0       2424   stm32f4xx_exti.o
       206          0          0          0          0       3927   stm32f4xx_gpio.o
       468          8          0          0          0       8937   stm32f4xx_i2c.o
       346         20          0         12          0       6238   stm32f4xx_it.o
       288         48          0         16          0       6381   stm32f4xx_rcc.o
       574         20          0          0          0       8670   stm32f4xx_spi.o
        46          0          0          0          0        712   stm32f4xx_syscfg.o
       250          4          0          0          0       3210   stm32f4xx_usart.o
       300         46          0          0          0       1221   system_stm32f4xx.o

    ----------------------------------------------------------------------
      8442        794        616        612      92900     390815   Object Totals
         0          0         32          0          0          0   (incl. Generated)
        20          0          0          0          8          0   (incl. Padding)

    ----------------------------------------------------------------------

      Code (inc. data)   RO Data    RW Data    ZI Data      Debug   Library Member Name

       126          0          0          0          0        983   arm_copy_q15.o
       478          0          0          0          0      15835   arm_fir_fast_q15.o
        46          0          0          0          0       1091   arm_fir_init_q15.o
      3068         54          0        772          0        268   pdm_filter.o
       368         46         48          0          0        200   cos_i.o
        84         16          0          0          0        372   dunder.o
        24          0          0          0          0        124   fabs.o
        48          0          0          0          0        124   fpclassify.o
       248          0          0          0          0        152   poly.o
       224         30          0          0          0        172   round.o
      1080        142        200          0          0        188   rred.o
       200         20          0          0          0        164   sin.o
       304         24         40          0          0        208   sin_i.o
        86          0          0          0          0          0   __dczerorl2.o
         0          0          0          0          0          0   entry.o
         0          0          0          0          0          0   entry10a.o
         0          0          0          0          0          0   entry11a.o
         8          4          0          0          0          0   entry2.o
         4          0          0          0          0          0   entry5.o
         0          0          0          0          0          0   entry7b.o
         0          0          0          0          0          0   entry8b.o
         8          4          0          0          0          0   entry9a.o
        12          6          0          4          0         68   errno.o
        30          0          0          0          0          0   handlers.o
        36          8          0          0          0         68   init.o
         0          0          0          0          0          0   iusefp.o
        30          0          0          0          0         68   llshl.o
        36          0          0          0          0         68   llsshr.o
        32          0          0          0          0         68   llushr.o
        36          0          0          0          0        108   memseta.o
        48          0          0          0          0         68   cdcmple.o
        48          0          0          0          0         68   cdrcmple.o
       334          0          0          0          0        148   dadd.o
       222          0          0          0          0        100   ddiv.o
       186          0          0          0          0        176   depilogue.o
        62          0          0          0          0         80   dfixi.o
        50          0          0          0          0         76   dfixui.o
        34          0          0          0          0         76   dflti.o
        26          0          0          0          0         76   dfltui.o
       228          0          0          0          0         96   dmul.o
       136          4          0          0          0         92   drnd.o
        38          0          0          0          0         68   f2d.o
        24          0          0          0          0         68   fscalb.o

    ----------------------------------------------------------------------
      8062        358        288        776          0      21521   Library Totals
        10          0          0          0          0          0   (incl. Padding)

    ----------------------------------------------------------------------

      Code (inc. data)   RO Data    RW Data    ZI Data      Debug   Library Name

       650          0          0          0          0      17909   arm_cortexM4lf_math.lib
      3068         54          0        772          0        268   libPDMFilter_Keil.lib
      2580        278        288          0          0       1704   m_wm.l
       318         22          0          4          0        448   mc_w.l
      1436          4          0          0          0       1192   mf_w.l

    ----------------------------------------------------------------------
      8062        358        288        776          0      21521   Library Totals

    ----------------------------------------------------------------------

==============================================================================


      Code (inc. data)   RO Data    RW Data    ZI Data      Debug   

     16504       1152        904       1388      92900     401988   Grand Totals
     16504       1152        904        912      92900     401988   ELF Image Totals (compressed)
     16504       1152        904        912          0          0   ROM Totals

==============================================================================

    Total RO  Size (Code + RO Data)                17408 (  17.00kB)
    Total RW  Size (RW Data + ZI Data)             94288 (  92.08kB)
    Total ROM Size (Code + RO Data + RW Data)      18320 (  17.89kB)

==============================================================================

